2026/05/28 15:08:14 - mmengine - INFO - 
------------------------------------------------------------
System environment:
    sys.platform: linux
    Python: 3.9.23 (main, Jun  5 2025, 13:40:20) [GCC 11.2.0]
    CUDA available: True
    numpy_random_seed: 553799716
    GPU 0: NVIDIA GeForce RTX 4090
    CUDA_HOME: /usr/local/cuda
    NVCC: Cuda compilation tools, release 12.1, V12.1.105
    GCC: gcc (Ubuntu 9.4.0-1ubuntu1~20.04.2) 9.4.0
    PyTorch: 2.0.0+cu118
    PyTorch compiling details: PyTorch built with:
  - GCC 9.3
  - C++ Version: 201703
  - Intel(R) oneAPI Math Kernel Library Version 2022.2-Product Build 20220804 for Intel(R) 64 architecture applications
  - Intel(R) MKL-DNN v2.7.3 (Git Hash 6dbeffbae1f23cbbeae17adb7b5b13f1f37c080e)
  - OpenMP 201511 (a.k.a. OpenMP 4.5)
  - LAPACK is enabled (usually provided by MKL)
  - NNPACK is enabled
  - CPU capability usage: AVX2
  - CUDA Runtime 11.8
  - NVCC architecture flags: -gencode;arch=compute_37,code=sm_37;-gencode;arch=compute_50,code=sm_50;-gencode;arch=compute_60,code=sm_60;-gencode;arch=compute_70,code=sm_70;-gencode;arch=compute_75,code=sm_75;-gencode;arch=compute_80,code=sm_80;-gencode;arch=compute_86,code=sm_86;-gencode;arch=compute_90,code=sm_90
  - CuDNN 8.7
  - Magma 2.6.1
  - Build settings: BLAS_INFO=mkl, BUILD_TYPE=Release, CUDA_VERSION=11.8, CUDNN_VERSION=8.7.0, CXX_COMPILER=/opt/rh/devtoolset-9/root/usr/bin/c++, CXX_FLAGS= -D_GLIBCXX_USE_CXX11_ABI=0 -fabi-version=11 -Wno-deprecated -fvisibility-inlines-hidden -DUSE_PTHREADPOOL -DNDEBUG -DUSE_KINETO -DLIBKINETO_NOROCTRACER -DUSE_FBGEMM -DUSE_QNNPACK -DUSE_PYTORCH_QNNPACK -DUSE_XNNPACK -DSYMBOLICATE_MOBILE_DEBUG_HANDLE -O2 -fPIC -Wall -Wextra -Werror=return-type -Werror=non-virtual-dtor -Werror=bool-operation -Wnarrowing -Wno-missing-field-initializers -Wno-type-limits -Wno-array-bounds -Wno-unknown-pragmas -Wunused-local-typedefs -Wno-unused-parameter -Wno-unused-function -Wno-unused-result -Wno-strict-overflow -Wno-strict-aliasing -Wno-error=deprecated-declarations -Wno-stringop-overflow -Wno-psabi -Wno-error=pedantic -Wno-error=redundant-decls -Wno-error=old-style-cast -fdiagnostics-color=always -faligned-new -Wno-unused-but-set-variable -Wno-maybe-uninitialized -fno-math-errno -fno-trapping-math -Werror=format -Werror=cast-function-type -Wno-stringop-overflow, LAPACK_INFO=mkl, PERF_WITH_AVX=1, PERF_WITH_AVX2=1, PERF_WITH_AVX512=1, TORCH_DISABLE_GPU_ASSERTS=ON, TORCH_VERSION=2.0.0, USE_CUDA=ON, USE_CUDNN=ON, USE_EXCEPTION_PTR=1, USE_GFLAGS=OFF, USE_GLOG=OFF, USE_MKL=ON, USE_MKLDNN=ON, USE_MPI=OFF, USE_NCCL=1, USE_NNPACK=ON, USE_OPENMP=ON, USE_ROCM=OFF, 

    TorchVision: 0.15.1+cu118
    OpenCV: 4.10.0
    MMEngine: 0.8.4

Runtime environment:
    cudnn_benchmark: True
    mp_cfg: {'mp_start_method': 'fork', 'opencv_num_threads': 0}
    dist_cfg: {'backend': 'nccl'}
    seed: 553799716
    Distributed launcher: none
    Distributed training: False
    GPU number: 1
------------------------------------------------------------

2026/05/28 15:08:14 - mmengine - INFO - Config:
data_root = '/data/JS/OVDG/data/ACDC'
dataset_type = 'ACDCInpaint41Dataset'
default_hooks = dict(
    checkpoint=dict(by_epoch=False, interval=2000, type='CheckpointHook'),
    logger=dict(interval=50, log_metric_by_epoch=False, type='LoggerHook'),
    param_scheduler=dict(type='ParamSchedulerHook'),
    sampler_seed=dict(type='DistSamplerSeedHook'),
    timer=dict(type='IterTimerHook'),
    visualization=dict(interval=1, type='SegVisualizationHook'))
default_scope = 'mmseg'
env_cfg = dict(
    cudnn_benchmark=True,
    dist_cfg=dict(backend='nccl'),
    mp_cfg=dict(mp_start_method='fork', opencv_num_threads=0))
launcher = 'none'
load_from = None
log_level = 'INFO'
log_processor = dict(by_epoch=False)
model = dict(
    clip_path='ViT-B/16',
    cross_e=10,
    cross_s=3,
    name_path='./configs/cls_inpaint41.txt',
    pm='SOM',
    prob_thd=0.15,
    purify=True,
    res_cls=0.3,
    type='SFPForSegmentation')
resume = False
test_cfg = dict(type='TestLoop')
test_dataloader = dict(
    batch_size=1,
    dataset=dict(
        data_prefix=dict(
            img_path='ACDC_inpaint41/images',
            seg_map_path='ACDC_inpaint41/labels'),
        data_root='/data/JS/OVDG/data/ACDC',
        pipeline=[
            dict(type='LoadImageFromFile'),
            dict(keep_ratio=True, scale=(
                2048,
                560,
            ), type='Resize'),
            dict(type='LoadAnnotations'),
            dict(type='PackSegInputs'),
        ],
        type='ACDCInpaint41Dataset'),
    num_workers=4,
    persistent_workers=True,
    sampler=dict(shuffle=False, type='DefaultSampler'))
test_evaluator = dict(
    iou_metrics=[
        'mIoU',
    ], type='IoUMetric')
test_pipeline = [
    dict(type='LoadImageFromFile'),
    dict(keep_ratio=True, scale=(
        2048,
        560,
    ), type='Resize'),
    dict(type='LoadAnnotations'),
    dict(type='PackSegInputs'),
]
vis_backends = [
    dict(type='LocalVisBackend'),
]
visualizer = dict(
    name='visualizer',
    type='SegLocalVisualizer',
    vis_backends=[
        dict(type='LocalVisBackend'),
    ])
work_dir = '/data/JS/MyGithub_Repos/SFP/SFP_ICCV/work_logs_tf_ovdg/20260528_150809/acdc41'

2026/05/28 15:08:20 - mmengine - INFO - Distributed training is not used, all SyncBatchNorm (SyncBN) layers in the model will be automatically reverted to BatchNormXd layers if they are used.
2026/05/28 15:08:20 - mmengine - INFO - Hooks will be executed in the following order:
before_run:
(VERY_HIGH   ) RuntimeInfoHook                    
(BELOW_NORMAL) LoggerHook                         
 -------------------- 
before_train:
(VERY_HIGH   ) RuntimeInfoHook                    
(NORMAL      ) IterTimerHook                      
(VERY_LOW    ) CheckpointHook                     
 -------------------- 
before_train_epoch:
(VERY_HIGH   ) RuntimeInfoHook                    
(NORMAL      ) IterTimerHook                      
(NORMAL      ) DistSamplerSeedHook                
 -------------------- 
before_train_iter:
(VERY_HIGH   ) RuntimeInfoHook                    
(NORMAL      ) IterTimerHook                      
 -------------------- 
after_train_iter:
(VERY_HIGH   ) RuntimeInfoHook                    
(NORMAL      ) IterTimerHook                      
(NORMAL      ) SegVisualizationHook               
(BELOW_NORMAL) LoggerHook                         
(LOW         ) ParamSchedulerHook                 
(VERY_LOW    ) CheckpointHook                     
 -------------------- 
after_train_epoch:
(NORMAL      ) IterTimerHook                      
(LOW         ) ParamSchedulerHook                 
(VERY_LOW    ) CheckpointHook                     
 -------------------- 
before_val:
(VERY_HIGH   ) RuntimeInfoHook                    
 -------------------- 
before_val_epoch:
(NORMAL      ) IterTimerHook                      
 -------------------- 
before_val_iter:
(NORMAL      ) IterTimerHook                      
 -------------------- 
after_val_iter:
(NORMAL      ) IterTimerHook                      
(NORMAL      ) SegVisualizationHook               
(BELOW_NORMAL) LoggerHook                         
 -------------------- 
after_val_epoch:
(VERY_HIGH   ) RuntimeInfoHook                    
(NORMAL      ) IterTimerHook                      
(BELOW_NORMAL) LoggerHook                         
(LOW         ) ParamSchedulerHook                 
(VERY_LOW    ) CheckpointHook                     
 -------------------- 
after_val:
(VERY_HIGH   ) RuntimeInfoHook                    
 -------------------- 
after_train:
(VERY_HIGH   ) RuntimeInfoHook                    
(VERY_LOW    ) CheckpointHook                     
 -------------------- 
before_test:
(VERY_HIGH   ) RuntimeInfoHook                    
 -------------------- 
before_test_epoch:
(NORMAL      ) IterTimerHook                      
 -------------------- 
before_test_iter:
(NORMAL      ) IterTimerHook                      
 -------------------- 
after_test_iter:
(NORMAL      ) IterTimerHook                      
(NORMAL      ) SegVisualizationHook               
(BELOW_NORMAL) LoggerHook                         
 -------------------- 
after_test_epoch:
(VERY_HIGH   ) RuntimeInfoHook                    
(NORMAL      ) IterTimerHook                      
(BELOW_NORMAL) LoggerHook                         
 -------------------- 
after_test:
(VERY_HIGH   ) RuntimeInfoHook                    
 -------------------- 
after_run:
(BELOW_NORMAL) LoggerHook                         
 -------------------- 
2026/05/28 15:08:20 - mmengine - WARNING - The prefix is not set in metric class IoUMetric.
2026/05/28 15:08:41 - mmengine - INFO - Iter(test) [  50/1000]    eta: 0:06:36  time: 0.4079  data_time: 0.0060  memory: 2911  
2026/05/28 15:09:00 - mmengine - INFO - Iter(test) [ 100/1000]    eta: 0:05:57  time: 0.3624  data_time: 0.0063  memory: 2911  
2026/05/28 15:09:18 - mmengine - INFO - Iter(test) [ 150/1000]    eta: 0:05:27  time: 0.3807  data_time: 0.0054  memory: 2911  
2026/05/28 15:09:36 - mmengine - INFO - Iter(test) [ 200/1000]    eta: 0:05:03  time: 0.3761  data_time: 0.0058  memory: 2911  
2026/05/28 15:09:55 - mmengine - INFO - Iter(test) [ 250/1000]    eta: 0:04:44  time: 0.3505  data_time: 0.0056  memory: 2911  
2026/05/28 15:10:15 - mmengine - INFO - Iter(test) [ 300/1000]    eta: 0:04:27  time: 0.4205  data_time: 0.0066  memory: 2911  
2026/05/28 15:10:34 - mmengine - INFO - Iter(test) [ 350/1000]    eta: 0:04:07  time: 0.3781  data_time: 0.0053  memory: 2911  
2026/05/28 15:10:52 - mmengine - INFO - Iter(test) [ 400/1000]    eta: 0:03:47  time: 0.3376  data_time: 0.0048  memory: 2911  
2026/05/28 15:11:10 - mmengine - INFO - Iter(test) [ 450/1000]    eta: 0:03:27  time: 0.3960  data_time: 0.0058  memory: 2911  
2026/05/28 15:11:28 - mmengine - INFO - Iter(test) [ 500/1000]    eta: 0:03:07  time: 0.3307  data_time: 0.0049  memory: 2911  
2026/05/28 15:11:47 - mmengine - INFO - Iter(test) [ 550/1000]    eta: 0:02:48  time: 0.4170  data_time: 0.0065  memory: 2911  
2026/05/28 15:12:05 - mmengine - INFO - Iter(test) [ 600/1000]    eta: 0:02:29  time: 0.3545  data_time: 0.0050  memory: 2911  
2026/05/28 15:12:24 - mmengine - INFO - Iter(test) [ 650/1000]    eta: 0:02:11  time: 0.3669  data_time: 0.0054  memory: 2911  
2026/05/28 15:12:43 - mmengine - INFO - Iter(test) [ 700/1000]    eta: 0:01:52  time: 0.3823  data_time: 0.0059  memory: 2911  
2026/05/28 15:13:03 - mmengine - INFO - Iter(test) [ 750/1000]    eta: 0:01:34  time: 0.3723  data_time: 0.0051  memory: 2911  
2026/05/28 15:13:21 - mmengine - INFO - Iter(test) [ 800/1000]    eta: 0:01:15  time: 0.3651  data_time: 0.0050  memory: 2911  
2026/05/28 15:13:39 - mmengine - INFO - Iter(test) [ 850/1000]    eta: 0:00:56  time: 0.3386  data_time: 0.0050  memory: 2911  
2026/05/28 15:13:59 - mmengine - INFO - Iter(test) [ 900/1000]    eta: 0:00:37  time: 0.4229  data_time: 0.0066  memory: 2911  
2026/05/28 15:14:18 - mmengine - INFO - Iter(test) [ 950/1000]    eta: 0:00:18  time: 0.3588  data_time: 0.0055  memory: 2911  
2026/05/28 15:14:37 - mmengine - INFO - Iter(test) [1000/1000]    eta: 0:00:00  time: 0.3957  data_time: 0.0052  memory: 2911  
2026/05/28 15:14:37 - mmengine - INFO - per class results:
2026/05/28 15:14:37 - mmengine - INFO - 
+---------------+-------+-------+
|     Class     |  IoU  |  Acc  |
+---------------+-------+-------+
|      road     | 37.61 | 94.59 |
|    sidewalk   | 12.63 | 14.23 |
|    building   | 39.96 |  40.8 |
|      wall     | 16.05 | 26.65 |
|     fence     |  8.45 |  8.85 |
|      pole     | 14.35 | 23.52 |
| traffic light | 25.98 |  66.7 |
|  traffic sign | 27.92 | 32.01 |
|   vegetation  | 62.48 | 66.57 |
|    terrain    | 24.62 | 29.13 |
|      sky      | 45.69 | 45.83 |
|     person    |  1.15 |  1.18 |
|     rider     | 11.12 | 33.68 |
|      car      | 61.06 | 68.83 |
|     truck     | 38.66 | 52.09 |
|      bus      | 32.89 | 63.84 |
|     train     | 23.93 | 34.04 |
|   motorcycle  |  0.0  |  0.0  |
|    bicycle    |  5.97 |  6.15 |
|      bag      | 59.08 | 72.35 |
|      ball     |  71.6 | 98.71 |
|     barrel    |  73.3 | 86.52 |
|     bench     | 42.45 | 53.18 |
|      bird     | 57.68 | 77.02 |
|     bottle    | 56.27 |  71.3 |
|      cart     | 51.47 | 80.87 |
|      cat      | 69.21 | 94.71 |
|     chair     | 49.73 |  76.9 |
|      cow      | 60.06 | 93.39 |
|      deer     | 44.85 | 89.33 |
|      dog      | 58.61 | 91.22 |
|     drone     | 50.84 |  84.5 |
|    elephant   | 70.47 | 89.59 |
|      hat      | 75.05 | 94.24 |
|     horse     | 63.02 | 94.91 |
|     robot     | 64.17 | 89.79 |
|     sheep     | 59.39 | 81.97 |
|     table     | 32.19 | 43.19 |
|      toy      |  0.0  |  0.0  |
|    umbrella   | 58.87 | 98.34 |
|     zebra     |  62.2 | 94.61 |
+---------------+-------+-------+
2026/05/28 15:14:37 - mmengine - INFO - Iter(test) [1000/1000]    aAcc: 57.5400  mIoU: 41.9800  mAcc: 60.1300  data_time: 0.0059  time: 0.3769
