05/28 15:13:35 - mmengine - INFO - 
------------------------------------------------------------
System environment:
    sys.platform: linux
    Python: 3.9.23 (main, Jun  5 2025, 13:40:20) [GCC 11.2.0]
    CUDA available: True
    numpy_random_seed: 120491359
    GPU 0: NVIDIA GeForce RTX 4090
    CUDA_HOME: /usr/local/cuda
    NVCC: Cuda compilation tools, release 12.1, V12.1.105
    GCC: gcc (Ubuntu 9.4.0-1ubuntu1~20.04.2) 9.4.0
    PyTorch: 2.0.0+cu118
    PyTorch compiling details: PyTorch built with:
  - GCC 9.3
  - C++ Version: 201703
  - Intel(R) oneAPI Math Kernel Library Version 2022.2-Product Build 20220804 for Intel(R) 64 architecture applications
  - Intel(R) MKL-DNN v2.7.3 (Git Hash 6dbeffbae1f23cbbeae17adb7b5b13f1f37c080e)
  - OpenMP 201511 (a.k.a. OpenMP 4.5)
  - LAPACK is enabled (usually provided by MKL)
  - NNPACK is enabled
  - CPU capability usage: AVX2
  - CUDA Runtime 11.8
  - NVCC architecture flags: -gencode;arch=compute_37,code=sm_37;-gencode;arch=compute_50,code=sm_50;-gencode;arch=compute_60,code=sm_60;-gencode;arch=compute_70,code=sm_70;-gencode;arch=compute_75,code=sm_75;-gencode;arch=compute_80,code=sm_80;-gencode;arch=compute_86,code=sm_86;-gencode;arch=compute_90,code=sm_90
  - CuDNN 8.7
  - Magma 2.6.1
  - Build settings: BLAS_INFO=mkl, BUILD_TYPE=Release, CUDA_VERSION=11.8, CUDNN_VERSION=8.7.0, CXX_COMPILER=/opt/rh/devtoolset-9/root/usr/bin/c++, CXX_FLAGS= -D_GLIBCXX_USE_CXX11_ABI=0 -fabi-version=11 -Wno-deprecated -fvisibility-inlines-hidden -DUSE_PTHREADPOOL -DNDEBUG -DUSE_KINETO -DLIBKINETO_NOROCTRACER -DUSE_FBGEMM -DUSE_QNNPACK -DUSE_PYTORCH_QNNPACK -DUSE_XNNPACK -DSYMBOLICATE_MOBILE_DEBUG_HANDLE -O2 -fPIC -Wall -Wextra -Werror=return-type -Werror=non-virtual-dtor -Werror=bool-operation -Wnarrowing -Wno-missing-field-initializers -Wno-type-limits -Wno-array-bounds -Wno-unknown-pragmas -Wunused-local-typedefs -Wno-unused-parameter -Wno-unused-function -Wno-unused-result -Wno-strict-overflow -Wno-strict-aliasing -Wno-error=deprecated-declarations -Wno-stringop-overflow -Wno-psabi -Wno-error=pedantic -Wno-error=redundant-decls -Wno-error=old-style-cast -fdiagnostics-color=always -faligned-new -Wno-unused-but-set-variable -Wno-maybe-uninitialized -fno-math-errno -fno-trapping-math -Werror=format -Werror=cast-function-type -Wno-stringop-overflow, LAPACK_INFO=mkl, PERF_WITH_AVX=1, PERF_WITH_AVX2=1, PERF_WITH_AVX512=1, TORCH_DISABLE_GPU_ASSERTS=ON, TORCH_VERSION=2.0.0, USE_CUDA=ON, USE_CUDNN=ON, USE_EXCEPTION_PTR=1, USE_GFLAGS=OFF, USE_GLOG=OFF, USE_MKL=ON, USE_MKLDNN=ON, USE_MPI=OFF, USE_NCCL=1, USE_NNPACK=ON, USE_OPENMP=ON, USE_ROCM=OFF, 

    TorchVision: 0.15.1+cu118
    OpenCV: 4.10.0
    MMEngine: 0.8.4

Runtime environment:
    cudnn_benchmark: True
    mp_cfg: {'mp_start_method': 'fork', 'opencv_num_threads': 0}
    dist_cfg: {'backend': 'nccl'}
    seed: 120491359
    Distributed launcher: none
    Distributed training: False
    GPU number: 1
------------------------------------------------------------

05/28 15:13:35 - mmengine - INFO - Config:
data_root = '/data/JS/OVDG/data/mapillary'
dataset_type = 'MapillaryCityscapes19Dataset'
default_hooks = dict(
    checkpoint=dict(by_epoch=False, interval=2000, type='CheckpointHook'),
    logger=dict(interval=50, log_metric_by_epoch=False, type='LoggerHook'),
    param_scheduler=dict(type='ParamSchedulerHook'),
    sampler_seed=dict(type='DistSamplerSeedHook'),
    timer=dict(type='IterTimerHook'),
    visualization=dict(interval=1, type='SegVisualizationHook'))
default_scope = 'mmseg'
env_cfg = dict(
    cudnn_benchmark=True,
    dist_cfg=dict(backend='nccl'),
    mp_cfg=dict(mp_start_method='fork', opencv_num_threads=0))
launcher = 'none'
load_from = None
log_level = 'INFO'
log_processor = dict(by_epoch=False)
model = dict(
    clip_path='ViT-B/16',
    cross_e=10,
    cross_s=3,
    name_path='./configs/cls_cityscapes_19.txt',
    pm='SOM',
    prob_thd=0.15,
    purify=True,
    res_cls=0.3,
    type='SFPForSegmentation')
resume = False
test_cfg = dict(type='TestLoop')
test_dataloader = dict(
    batch_size=1,
    dataset=dict(
        data_prefix=dict(
            img_path='validation/images',
            seg_map_path='validation/labels_TrainIds'),
        data_root='/data/JS/OVDG/data/mapillary',
        pipeline=[
            dict(type='LoadImageFromFile'),
            dict(keep_ratio=True, scale=(
                2048,
                560,
            ), type='Resize'),
            dict(type='LoadAnnotations'),
            dict(type='PackSegInputs'),
        ],
        type='MapillaryCityscapes19Dataset'),
    num_workers=4,
    persistent_workers=True,
    sampler=dict(shuffle=False, type='DefaultSampler'))
test_evaluator = dict(
    iou_metrics=[
        'mIoU',
    ], type='IoUMetric')
test_pipeline = [
    dict(type='LoadImageFromFile'),
    dict(keep_ratio=True, scale=(
        2048,
        560,
    ), type='Resize'),
    dict(type='LoadAnnotations'),
    dict(type='PackSegInputs'),
]
vis_backends = [
    dict(type='LocalVisBackend'),
]
visualizer = dict(
    name='visualizer',
    type='SegLocalVisualizer',
    vis_backends=[
        dict(type='LocalVisBackend'),
    ])
work_dir = '/data/JS/MyGithub_Repos/SFP/SFP_ICCV/work_logs_tf_ovdg/20260528_150809/mapi19'

05/28 15:13:40 - mmengine - INFO - Distributed training is not used, all SyncBatchNorm (SyncBN) layers in the model will be automatically reverted to BatchNormXd layers if they are used.
05/28 15:13:40 - mmengine - INFO - Hooks will be executed in the following order:
before_run:
(VERY_HIGH   ) RuntimeInfoHook                    
(BELOW_NORMAL) LoggerHook                         
 -------------------- 
before_train:
(VERY_HIGH   ) RuntimeInfoHook                    
(NORMAL      ) IterTimerHook                      
(VERY_LOW    ) CheckpointHook                     
 -------------------- 
before_train_epoch:
(VERY_HIGH   ) RuntimeInfoHook                    
(NORMAL      ) IterTimerHook                      
(NORMAL      ) DistSamplerSeedHook                
 -------------------- 
before_train_iter:
(VERY_HIGH   ) RuntimeInfoHook                    
(NORMAL      ) IterTimerHook                      
 -------------------- 
after_train_iter:
(VERY_HIGH   ) RuntimeInfoHook                    
(NORMAL      ) IterTimerHook                      
(NORMAL      ) SegVisualizationHook               
(BELOW_NORMAL) LoggerHook                         
(LOW         ) ParamSchedulerHook                 
(VERY_LOW    ) CheckpointHook                     
 -------------------- 
after_train_epoch:
(NORMAL      ) IterTimerHook                      
(LOW         ) ParamSchedulerHook                 
(VERY_LOW    ) CheckpointHook                     
 -------------------- 
before_val:
(VERY_HIGH   ) RuntimeInfoHook                    
 -------------------- 
before_val_epoch:
(NORMAL      ) IterTimerHook                      
 -------------------- 
before_val_iter:
(NORMAL      ) IterTimerHook                      
 -------------------- 
after_val_iter:
(NORMAL      ) IterTimerHook                      
(NORMAL      ) SegVisualizationHook               
(BELOW_NORMAL) LoggerHook                         
 -------------------- 
after_val_epoch:
(VERY_HIGH   ) RuntimeInfoHook                    
(NORMAL      ) IterTimerHook                      
(BELOW_NORMAL) LoggerHook                         
(LOW         ) ParamSchedulerHook                 
(VERY_LOW    ) CheckpointHook                     
 -------------------- 
after_val:
(VERY_HIGH   ) RuntimeInfoHook                    
 -------------------- 
after_train:
(VERY_HIGH   ) RuntimeInfoHook                    
(VERY_LOW    ) CheckpointHook                     
 -------------------- 
before_test:
(VERY_HIGH   ) RuntimeInfoHook                    
 -------------------- 
before_test_epoch:
(NORMAL      ) IterTimerHook                      
 -------------------- 
before_test_iter:
(NORMAL      ) IterTimerHook                      
 -------------------- 
after_test_iter:
(NORMAL      ) IterTimerHook                      
(NORMAL      ) SegVisualizationHook               
(BELOW_NORMAL) LoggerHook                         
 -------------------- 
after_test_epoch:
(VERY_HIGH   ) RuntimeInfoHook                    
(NORMAL      ) IterTimerHook                      
(BELOW_NORMAL) LoggerHook                         
 -------------------- 
after_test:
(VERY_HIGH   ) RuntimeInfoHook                    
 -------------------- 
after_run:
(BELOW_NORMAL) LoggerHook                         
 -------------------- 
05/28 15:13:40 - mmengine - WARNING - The prefix is not set in metric class IoUMetric.
05/28 15:13:58 - mmengine - INFO - Iter(test) [  50/2000]    eta: 0:12:05  time: 0.3540  data_time: 0.0175  memory: 16352  
05/28 15:14:16 - mmengine - INFO - Iter(test) [ 100/2000]    eta: 0:11:30  time: 0.3361  data_time: 0.0174  memory: 15974  
05/28 15:14:33 - mmengine - INFO - Iter(test) [ 150/2000]    eta: 0:10:56  time: 0.3166  data_time: 0.0181  memory: 12686  
05/28 15:14:50 - mmengine - INFO - Iter(test) [ 200/2000]    eta: 0:10:32  time: 0.3541  data_time: 0.0171  memory: 16352  
05/28 15:15:06 - mmengine - INFO - Iter(test) [ 250/2000]    eta: 0:10:01  time: 0.3135  data_time: 0.0158  memory: 16352  
05/28 15:15:22 - mmengine - INFO - Iter(test) [ 300/2000]    eta: 0:09:36  time: 0.3031  data_time: 0.0134  memory: 12686  
05/28 15:15:37 - mmengine - INFO - Iter(test) [ 350/2000]    eta: 0:09:13  time: 0.2940  data_time: 0.0157  memory: 12686  
05/28 15:15:54 - mmengine - INFO - Iter(test) [ 400/2000]    eta: 0:08:54  time: 0.3152  data_time: 0.0154  memory: 16352  
05/28 15:16:10 - mmengine - INFO - Iter(test) [ 450/2000]    eta: 0:08:37  time: 0.3044  data_time: 0.0153  memory: 12686  
05/28 15:16:26 - mmengine - INFO - Iter(test) [ 500/2000]    eta: 0:08:17  time: 0.3326  data_time: 0.0192  memory: 16352  
05/28 15:16:41 - mmengine - INFO - Iter(test) [ 550/2000]    eta: 0:07:58  time: 0.3484  data_time: 0.0142  memory: 16352  
05/28 15:16:57 - mmengine - INFO - Iter(test) [ 600/2000]    eta: 0:07:39  time: 0.3048  data_time: 0.0119  memory: 15866  
05/28 15:17:13 - mmengine - INFO - Iter(test) [ 650/2000]    eta: 0:07:22  time: 0.3580  data_time: 0.0193  memory: 16352  
05/28 15:17:29 - mmengine - INFO - Iter(test) [ 700/2000]    eta: 0:07:05  time: 0.3058  data_time: 0.0142  memory: 10405  
05/28 15:17:46 - mmengine - INFO - Iter(test) [ 750/2000]    eta: 0:06:49  time: 0.2911  data_time: 0.0130  memory: 16352  
05/28 15:18:01 - mmengine - INFO - Iter(test) [ 800/2000]    eta: 0:06:31  time: 0.2954  data_time: 0.0113  memory: 12647  
05/28 15:18:16 - mmengine - INFO - Iter(test) [ 850/2000]    eta: 0:06:13  time: 0.3077  data_time: 0.0153  memory: 15974  
05/28 15:18:31 - mmengine - INFO - Iter(test) [ 900/2000]    eta: 0:05:55  time: 0.2915  data_time: 0.0139  memory: 12686  
05/28 15:18:48 - mmengine - INFO - Iter(test) [ 950/2000]    eta: 0:05:40  time: 0.3751  data_time: 0.0154  memory: 15974  
05/28 15:19:05 - mmengine - INFO - Iter(test) [1000/2000]    eta: 0:05:24  time: 0.3345  data_time: 0.0155  memory: 16352  
05/28 15:19:20 - mmengine - INFO - Iter(test) [1050/2000]    eta: 0:05:07  time: 0.3085  data_time: 0.0177  memory: 16352  
05/28 15:19:36 - mmengine - INFO - Iter(test) [1100/2000]    eta: 0:04:51  time: 0.3706  data_time: 0.0141  memory: 16352  
05/28 15:19:51 - mmengine - INFO - Iter(test) [1150/2000]    eta: 0:04:34  time: 0.2887  data_time: 0.0126  memory: 12686  
05/28 15:20:07 - mmengine - INFO - Iter(test) [1200/2000]    eta: 0:04:18  time: 0.3476  data_time: 0.0158  memory: 12686  
05/28 15:20:23 - mmengine - INFO - Iter(test) [1250/2000]    eta: 0:04:01  time: 0.2986  data_time: 0.0123  memory: 12686  
05/28 15:20:39 - mmengine - INFO - Iter(test) [1300/2000]    eta: 0:03:45  time: 0.3322  data_time: 0.0178  memory: 12686  
05/28 15:20:57 - mmengine - INFO - Iter(test) [1350/2000]    eta: 0:03:30  time: 0.3858  data_time: 0.0216  memory: 16352  
05/28 15:21:12 - mmengine - INFO - Iter(test) [1400/2000]    eta: 0:03:13  time: 0.3213  data_time: 0.0151  memory: 16352  
05/28 15:21:28 - mmengine - INFO - Iter(test) [1450/2000]    eta: 0:02:57  time: 0.3090  data_time: 0.0127  memory: 16352  
05/28 15:21:44 - mmengine - INFO - Iter(test) [1500/2000]    eta: 0:02:41  time: 0.2929  data_time: 0.0102  memory: 16352  
05/28 15:22:00 - mmengine - INFO - Iter(test) [1550/2000]    eta: 0:02:25  time: 0.2883  data_time: 0.0134  memory: 16352  
05/28 15:22:15 - mmengine - INFO - Iter(test) [1600/2000]    eta: 0:02:08  time: 0.3144  data_time: 0.0139  memory: 16352  
05/28 15:22:30 - mmengine - INFO - Iter(test) [1650/2000]    eta: 0:01:52  time: 0.3090  data_time: 0.0147  memory: 16352  
05/28 15:22:45 - mmengine - INFO - Iter(test) [1700/2000]    eta: 0:01:36  time: 0.3068  data_time: 0.0142  memory: 15974  
05/28 15:23:00 - mmengine - INFO - Iter(test) [1750/2000]    eta: 0:01:19  time: 0.3177  data_time: 0.0128  memory: 16352  
05/28 15:23:15 - mmengine - INFO - Iter(test) [1800/2000]    eta: 0:01:03  time: 0.3099  data_time: 0.0119  memory: 12686  
05/28 15:23:30 - mmengine - INFO - Iter(test) [1850/2000]    eta: 0:00:47  time: 0.3074  data_time: 0.0132  memory: 10251  
05/28 15:23:45 - mmengine - INFO - Iter(test) [1900/2000]    eta: 0:00:31  time: 0.2908  data_time: 0.0120  memory: 12686  
05/28 15:24:01 - mmengine - INFO - Iter(test) [1950/2000]    eta: 0:00:15  time: 0.3726  data_time: 0.0178  memory: 12686  
05/28 15:24:17 - mmengine - INFO - Iter(test) [2000/2000]    eta: 0:00:00  time: 0.2905  data_time: 0.0129  memory: 12686  
05/28 15:24:17 - mmengine - INFO - per class results:
05/28 15:24:17 - mmengine - INFO - 
+---------------+-------+-------+
|     Class     |  IoU  |  Acc  |
+---------------+-------+-------+
|      road     | 54.62 | 87.58 |
|    sidewalk   | 45.26 | 69.44 |
|    building   | 47.36 | 49.14 |
|      wall     | 19.43 | 57.31 |
|     fence     | 27.15 | 32.33 |
|      pole     | 18.42 |  39.7 |
| traffic light | 28.48 | 70.44 |
|  traffic sign | 44.88 | 56.85 |
|   vegetation  | 77.05 | 83.57 |
|    terrain    | 45.72 | 62.28 |
|      sky      | 81.62 | 81.85 |
|     person    | 25.09 | 28.56 |
|     rider     | 14.39 | 34.78 |
|      car      | 70.02 | 80.68 |
|     truck     | 34.57 | 73.97 |
|      bus      | 53.54 | 76.74 |
|     train     | 24.14 | 28.53 |
|   motorcycle  | 21.86 | 22.47 |
|    bicycle    | 31.16 | 36.32 |
+---------------+-------+-------+
05/28 15:24:17 - mmengine - INFO - Iter(test) [2000/2000]    aAcc: 76.1400  mIoU: 40.2500  mAcc: 56.4500  data_time: 0.0145  time: 0.3185
