2026/05/28 15:33:29 - mmengine - INFO - 
------------------------------------------------------------
System environment:
    sys.platform: linux
    Python: 3.9.23 (main, Jun  5 2025, 13:40:20) [GCC 11.2.0]
    CUDA available: True
    numpy_random_seed: 550672421
    GPU 0: NVIDIA GeForce RTX 4090
    CUDA_HOME: /usr/local/cuda
    NVCC: Cuda compilation tools, release 12.1, V12.1.105
    GCC: gcc (Ubuntu 9.4.0-1ubuntu1~20.04.2) 9.4.0
    PyTorch: 2.0.0+cu118
    PyTorch compiling details: PyTorch built with:
  - GCC 9.3
  - C++ Version: 201703
  - Intel(R) oneAPI Math Kernel Library Version 2022.2-Product Build 20220804 for Intel(R) 64 architecture applications
  - Intel(R) MKL-DNN v2.7.3 (Git Hash 6dbeffbae1f23cbbeae17adb7b5b13f1f37c080e)
  - OpenMP 201511 (a.k.a. OpenMP 4.5)
  - LAPACK is enabled (usually provided by MKL)
  - NNPACK is enabled
  - CPU capability usage: AVX2
  - CUDA Runtime 11.8
  - NVCC architecture flags: -gencode;arch=compute_37,code=sm_37;-gencode;arch=compute_50,code=sm_50;-gencode;arch=compute_60,code=sm_60;-gencode;arch=compute_70,code=sm_70;-gencode;arch=compute_75,code=sm_75;-gencode;arch=compute_80,code=sm_80;-gencode;arch=compute_86,code=sm_86;-gencode;arch=compute_90,code=sm_90
  - CuDNN 8.7
  - Magma 2.6.1
  - Build settings: BLAS_INFO=mkl, BUILD_TYPE=Release, CUDA_VERSION=11.8, CUDNN_VERSION=8.7.0, CXX_COMPILER=/opt/rh/devtoolset-9/root/usr/bin/c++, CXX_FLAGS= -D_GLIBCXX_USE_CXX11_ABI=0 -fabi-version=11 -Wno-deprecated -fvisibility-inlines-hidden -DUSE_PTHREADPOOL -DNDEBUG -DUSE_KINETO -DLIBKINETO_NOROCTRACER -DUSE_FBGEMM -DUSE_QNNPACK -DUSE_PYTORCH_QNNPACK -DUSE_XNNPACK -DSYMBOLICATE_MOBILE_DEBUG_HANDLE -O2 -fPIC -Wall -Wextra -Werror=return-type -Werror=non-virtual-dtor -Werror=bool-operation -Wnarrowing -Wno-missing-field-initializers -Wno-type-limits -Wno-array-bounds -Wno-unknown-pragmas -Wunused-local-typedefs -Wno-unused-parameter -Wno-unused-function -Wno-unused-result -Wno-strict-overflow -Wno-strict-aliasing -Wno-error=deprecated-declarations -Wno-stringop-overflow -Wno-psabi -Wno-error=pedantic -Wno-error=redundant-decls -Wno-error=old-style-cast -fdiagnostics-color=always -faligned-new -Wno-unused-but-set-variable -Wno-maybe-uninitialized -fno-math-errno -fno-trapping-math -Werror=format -Werror=cast-function-type -Wno-stringop-overflow, LAPACK_INFO=mkl, PERF_WITH_AVX=1, PERF_WITH_AVX2=1, PERF_WITH_AVX512=1, TORCH_DISABLE_GPU_ASSERTS=ON, TORCH_VERSION=2.0.0, USE_CUDA=ON, USE_CUDNN=ON, USE_EXCEPTION_PTR=1, USE_GFLAGS=OFF, USE_GLOG=OFF, USE_MKL=ON, USE_MKLDNN=ON, USE_MPI=OFF, USE_NCCL=1, USE_NNPACK=ON, USE_OPENMP=ON, USE_ROCM=OFF, 

    TorchVision: 0.15.1+cu118
    OpenCV: 4.10.0
    MMEngine: 0.8.4

Runtime environment:
    cudnn_benchmark: True
    mp_cfg: {'mp_start_method': 'fork', 'opencv_num_threads': 0}
    dist_cfg: {'backend': 'nccl'}
    seed: 550672421
    Distributed launcher: none
    Distributed training: False
    GPU number: 1
------------------------------------------------------------

2026/05/28 15:33:29 - mmengine - INFO - Config:
data_root = '/data/JS/OVDG/data/ACDC'
dataset_type = 'ACDCInpaint41Dataset'
default_hooks = dict(
    checkpoint=dict(by_epoch=False, interval=2000, type='CheckpointHook'),
    logger=dict(interval=50, log_metric_by_epoch=False, type='LoggerHook'),
    param_scheduler=dict(type='ParamSchedulerHook'),
    sampler_seed=dict(type='DistSamplerSeedHook'),
    timer=dict(type='IterTimerHook'),
    visualization=dict(interval=1, type='SegVisualizationHook'))
default_scope = 'mmseg'
env_cfg = dict(
    cudnn_benchmark=True,
    dist_cfg=dict(backend='nccl'),
    mp_cfg=dict(mp_start_method='fork', opencv_num_threads=0))
launcher = 'none'
load_from = None
log_level = 'INFO'
log_processor = dict(by_epoch=False)
model = dict(
    clip_path='ViT-B/16',
    cross_e=10,
    cross_s=3,
    name_path='./configs/cls_inpaint41_original_name.txt',
    pm='SOM',
    prob_thd=0.15,
    purify=True,
    res_cls=0.3,
    type='SFPForSegmentation')
resume = False
test_cfg = dict(type='TestLoop')
test_dataloader = dict(
    batch_size=1,
    dataset=dict(
        data_prefix=dict(
            img_path='ACDC_inpaint41/images',
            seg_map_path='ACDC_inpaint41/labels'),
        data_root='/data/JS/OVDG/data/ACDC',
        pipeline=[
            dict(type='LoadImageFromFile'),
            dict(keep_ratio=True, scale=(
                2048,
                560,
            ), type='Resize'),
            dict(type='LoadAnnotations'),
            dict(type='PackSegInputs'),
        ],
        type='ACDCInpaint41Dataset'),
    num_workers=4,
    persistent_workers=True,
    sampler=dict(shuffle=False, type='DefaultSampler'))
test_evaluator = dict(
    iou_metrics=[
        'mIoU',
    ], type='IoUMetric')
test_pipeline = [
    dict(type='LoadImageFromFile'),
    dict(keep_ratio=True, scale=(
        2048,
        560,
    ), type='Resize'),
    dict(type='LoadAnnotations'),
    dict(type='PackSegInputs'),
]
vis_backends = [
    dict(type='LocalVisBackend'),
]
visualizer = dict(
    name='visualizer',
    type='SegLocalVisualizer',
    vis_backends=[
        dict(type='LocalVisBackend'),
    ])
work_dir = '/data/JS/MyGithub_Repos/SFP/SFP_ICCV/work_logs_tf_ovdg_original/20260528_153324/acdc41_orig'

2026/05/28 15:33:34 - mmengine - INFO - Distributed training is not used, all SyncBatchNorm (SyncBN) layers in the model will be automatically reverted to BatchNormXd layers if they are used.
2026/05/28 15:33:34 - mmengine - INFO - Hooks will be executed in the following order:
before_run:
(VERY_HIGH   ) RuntimeInfoHook                    
(BELOW_NORMAL) LoggerHook                         
 -------------------- 
before_train:
(VERY_HIGH   ) RuntimeInfoHook                    
(NORMAL      ) IterTimerHook                      
(VERY_LOW    ) CheckpointHook                     
 -------------------- 
before_train_epoch:
(VERY_HIGH   ) RuntimeInfoHook                    
(NORMAL      ) IterTimerHook                      
(NORMAL      ) DistSamplerSeedHook                
 -------------------- 
before_train_iter:
(VERY_HIGH   ) RuntimeInfoHook                    
(NORMAL      ) IterTimerHook                      
 -------------------- 
after_train_iter:
(VERY_HIGH   ) RuntimeInfoHook                    
(NORMAL      ) IterTimerHook                      
(NORMAL      ) SegVisualizationHook               
(BELOW_NORMAL) LoggerHook                         
(LOW         ) ParamSchedulerHook                 
(VERY_LOW    ) CheckpointHook                     
 -------------------- 
after_train_epoch:
(NORMAL      ) IterTimerHook                      
(LOW         ) ParamSchedulerHook                 
(VERY_LOW    ) CheckpointHook                     
 -------------------- 
before_val:
(VERY_HIGH   ) RuntimeInfoHook                    
 -------------------- 
before_val_epoch:
(NORMAL      ) IterTimerHook                      
 -------------------- 
before_val_iter:
(NORMAL      ) IterTimerHook                      
 -------------------- 
after_val_iter:
(NORMAL      ) IterTimerHook                      
(NORMAL      ) SegVisualizationHook               
(BELOW_NORMAL) LoggerHook                         
 -------------------- 
after_val_epoch:
(VERY_HIGH   ) RuntimeInfoHook                    
(NORMAL      ) IterTimerHook                      
(BELOW_NORMAL) LoggerHook                         
(LOW         ) ParamSchedulerHook                 
(VERY_LOW    ) CheckpointHook                     
 -------------------- 
after_val:
(VERY_HIGH   ) RuntimeInfoHook                    
 -------------------- 
after_train:
(VERY_HIGH   ) RuntimeInfoHook                    
(VERY_LOW    ) CheckpointHook                     
 -------------------- 
before_test:
(VERY_HIGH   ) RuntimeInfoHook                    
 -------------------- 
before_test_epoch:
(NORMAL      ) IterTimerHook                      
 -------------------- 
before_test_iter:
(NORMAL      ) IterTimerHook                      
 -------------------- 
after_test_iter:
(NORMAL      ) IterTimerHook                      
(NORMAL      ) SegVisualizationHook               
(BELOW_NORMAL) LoggerHook                         
 -------------------- 
after_test_epoch:
(VERY_HIGH   ) RuntimeInfoHook                    
(NORMAL      ) IterTimerHook                      
(BELOW_NORMAL) LoggerHook                         
 -------------------- 
after_test:
(VERY_HIGH   ) RuntimeInfoHook                    
 -------------------- 
after_run:
(BELOW_NORMAL) LoggerHook                         
 -------------------- 
2026/05/28 15:33:34 - mmengine - WARNING - The prefix is not set in metric class IoUMetric.
2026/05/28 15:33:52 - mmengine - INFO - Iter(test) [  50/1000]    eta: 0:05:41  time: 0.3653  data_time: 0.0052  memory: 1368  
2026/05/28 15:34:08 - mmengine - INFO - Iter(test) [ 100/1000]    eta: 0:05:06  time: 0.3157  data_time: 0.0048  memory: 1368  
2026/05/28 15:34:24 - mmengine - INFO - Iter(test) [ 150/1000]    eta: 0:04:44  time: 0.3511  data_time: 0.0055  memory: 1368  
2026/05/28 15:34:41 - mmengine - INFO - Iter(test) [ 200/1000]    eta: 0:04:29  time: 0.3354  data_time: 0.0045  memory: 1368  
2026/05/28 15:34:58 - mmengine - INFO - Iter(test) [ 250/1000]    eta: 0:04:12  time: 0.3302  data_time: 0.0044  memory: 1368  
2026/05/28 15:35:14 - mmengine - INFO - Iter(test) [ 300/1000]    eta: 0:03:54  time: 0.3196  data_time: 0.0042  memory: 1368  
2026/05/28 15:35:31 - mmengine - INFO - Iter(test) [ 350/1000]    eta: 0:03:36  time: 0.3302  data_time: 0.0044  memory: 1368  
2026/05/28 15:35:48 - mmengine - INFO - Iter(test) [ 400/1000]    eta: 0:03:20  time: 0.3114  data_time: 0.0043  memory: 1368  
2026/05/28 15:36:04 - mmengine - INFO - Iter(test) [ 450/1000]    eta: 0:03:03  time: 0.3274  data_time: 0.0044  memory: 1368  
2026/05/28 15:36:20 - mmengine - INFO - Iter(test) [ 500/1000]    eta: 0:02:46  time: 0.3133  data_time: 0.0044  memory: 1368  
2026/05/28 15:36:37 - mmengine - INFO - Iter(test) [ 550/1000]    eta: 0:02:29  time: 0.3242  data_time: 0.0044  memory: 1368  
2026/05/28 15:36:55 - mmengine - INFO - Iter(test) [ 600/1000]    eta: 0:02:14  time: 0.3262  data_time: 0.0043  memory: 1368  
2026/05/28 15:37:11 - mmengine - INFO - Iter(test) [ 650/1000]    eta: 0:01:57  time: 0.3510  data_time: 0.0046  memory: 1368  
2026/05/28 15:37:28 - mmengine - INFO - Iter(test) [ 700/1000]    eta: 0:01:40  time: 0.3402  data_time: 0.0051  memory: 1368  
2026/05/28 15:37:44 - mmengine - INFO - Iter(test) [ 750/1000]    eta: 0:01:23  time: 0.3158  data_time: 0.0043  memory: 1368  
2026/05/28 15:38:00 - mmengine - INFO - Iter(test) [ 800/1000]    eta: 0:01:06  time: 0.3162  data_time: 0.0043  memory: 1368  
2026/05/28 15:38:16 - mmengine - INFO - Iter(test) [ 850/1000]    eta: 0:00:49  time: 0.3104  data_time: 0.0044  memory: 1368  
2026/05/28 15:38:32 - mmengine - INFO - Iter(test) [ 900/1000]    eta: 0:00:33  time: 0.3503  data_time: 0.0046  memory: 1368  
2026/05/28 15:38:47 - mmengine - INFO - Iter(test) [ 950/1000]    eta: 0:00:16  time: 0.3077  data_time: 0.0044  memory: 1368  
2026/05/28 15:39:04 - mmengine - INFO - Iter(test) [1000/1000]    eta: 0:00:00  time: 0.3477  data_time: 0.0053  memory: 1368  
2026/05/28 15:39:04 - mmengine - INFO - per class results:
2026/05/28 15:39:04 - mmengine - INFO - 
+---------------+-------+-------+
|     Class     |  IoU  |  Acc  |
+---------------+-------+-------+
|      road     | 52.11 | 93.74 |
|    sidewalk   | 15.25 | 18.95 |
|    building   | 63.54 | 67.72 |
|      wall     |  13.6 | 36.93 |
|     fence     | 18.05 | 21.04 |
|      pole     | 11.62 |  39.1 |
| traffic light | 18.32 | 73.82 |
|  traffic sign | 31.64 | 39.04 |
|   vegetation  | 57.26 | 61.45 |
|    terrain    |  0.09 |  0.09 |
|      sky      | 67.92 | 69.61 |
|     person    |  2.24 |  2.3  |
|     rider     | 13.63 | 16.07 |
|      car      | 61.22 | 75.38 |
|     truck     | 40.24 | 61.44 |
|      bus      | 26.92 | 72.21 |
|     train     | 27.26 | 45.66 |
|   motorcycle  | 29.22 | 37.11 |
|    bicycle    | 32.69 | 43.33 |
|      bag      |  61.2 |  84.2 |
|      ball     | 48.25 | 99.61 |
|     barrel    | 70.21 | 91.52 |
|     bench     | 46.58 | 66.27 |
|      bird     |  54.0 | 85.93 |
|     bottle    | 60.27 | 83.35 |
|      cart     | 53.87 | 86.87 |
|      cat      | 63.44 | 96.28 |
|     chair     | 50.04 | 84.26 |
|      cow      | 56.87 | 97.17 |
|      deer     | 40.43 | 92.02 |
|      dog      |  55.4 | 95.74 |
|     drone     | 49.92 | 91.93 |
|    elephant   | 70.19 | 95.84 |
|      hat      |  72.8 |  97.1 |
|     horse     | 59.23 | 97.69 |
|     robot     | 62.19 | 94.95 |
|     sheep     | 56.37 |  84.0 |
|     table     |  31.7 | 67.83 |
|      toy      | 43.56 |  48.6 |
|    umbrella   | 37.22 | 98.87 |
|     zebra     | 59.65 | 96.95 |
+---------------+-------+-------+
2026/05/28 15:39:04 - mmengine - INFO - Iter(test) [1000/1000]    aAcc: 68.2300  mIoU: 43.5700  mAcc: 68.5800  data_time: 0.0049  time: 0.3295
