2026/05/28 15:33:29 - mmengine - INFO - 
------------------------------------------------------------
System environment:
    sys.platform: linux
    Python: 3.9.23 (main, Jun  5 2025, 13:40:20) [GCC 11.2.0]
    CUDA available: True
    numpy_random_seed: 50534948
    GPU 0: NVIDIA GeForce RTX 4090
    CUDA_HOME: /usr/local/cuda
    NVCC: Cuda compilation tools, release 12.1, V12.1.105
    GCC: gcc (Ubuntu 9.4.0-1ubuntu1~20.04.2) 9.4.0
    PyTorch: 2.0.0+cu118
    PyTorch compiling details: PyTorch built with:
  - GCC 9.3
  - C++ Version: 201703
  - Intel(R) oneAPI Math Kernel Library Version 2022.2-Product Build 20220804 for Intel(R) 64 architecture applications
  - Intel(R) MKL-DNN v2.7.3 (Git Hash 6dbeffbae1f23cbbeae17adb7b5b13f1f37c080e)
  - OpenMP 201511 (a.k.a. OpenMP 4.5)
  - LAPACK is enabled (usually provided by MKL)
  - NNPACK is enabled
  - CPU capability usage: AVX2
  - CUDA Runtime 11.8
  - NVCC architecture flags: -gencode;arch=compute_37,code=sm_37;-gencode;arch=compute_50,code=sm_50;-gencode;arch=compute_60,code=sm_60;-gencode;arch=compute_70,code=sm_70;-gencode;arch=compute_75,code=sm_75;-gencode;arch=compute_80,code=sm_80;-gencode;arch=compute_86,code=sm_86;-gencode;arch=compute_90,code=sm_90
  - CuDNN 8.7
  - Magma 2.6.1
  - Build settings: BLAS_INFO=mkl, BUILD_TYPE=Release, CUDA_VERSION=11.8, CUDNN_VERSION=8.7.0, CXX_COMPILER=/opt/rh/devtoolset-9/root/usr/bin/c++, CXX_FLAGS= -D_GLIBCXX_USE_CXX11_ABI=0 -fabi-version=11 -Wno-deprecated -fvisibility-inlines-hidden -DUSE_PTHREADPOOL -DNDEBUG -DUSE_KINETO -DLIBKINETO_NOROCTRACER -DUSE_FBGEMM -DUSE_QNNPACK -DUSE_PYTORCH_QNNPACK -DUSE_XNNPACK -DSYMBOLICATE_MOBILE_DEBUG_HANDLE -O2 -fPIC -Wall -Wextra -Werror=return-type -Werror=non-virtual-dtor -Werror=bool-operation -Wnarrowing -Wno-missing-field-initializers -Wno-type-limits -Wno-array-bounds -Wno-unknown-pragmas -Wunused-local-typedefs -Wno-unused-parameter -Wno-unused-function -Wno-unused-result -Wno-strict-overflow -Wno-strict-aliasing -Wno-error=deprecated-declarations -Wno-stringop-overflow -Wno-psabi -Wno-error=pedantic -Wno-error=redundant-decls -Wno-error=old-style-cast -fdiagnostics-color=always -faligned-new -Wno-unused-but-set-variable -Wno-maybe-uninitialized -fno-math-errno -fno-trapping-math -Werror=format -Werror=cast-function-type -Wno-stringop-overflow, LAPACK_INFO=mkl, PERF_WITH_AVX=1, PERF_WITH_AVX2=1, PERF_WITH_AVX512=1, TORCH_DISABLE_GPU_ASSERTS=ON, TORCH_VERSION=2.0.0, USE_CUDA=ON, USE_CUDNN=ON, USE_EXCEPTION_PTR=1, USE_GFLAGS=OFF, USE_GLOG=OFF, USE_MKL=ON, USE_MKLDNN=ON, USE_MPI=OFF, USE_NCCL=1, USE_NNPACK=ON, USE_OPENMP=ON, USE_ROCM=OFF, 

    TorchVision: 0.15.1+cu118
    OpenCV: 4.10.0
    MMEngine: 0.8.4

Runtime environment:
    cudnn_benchmark: True
    mp_cfg: {'mp_start_method': 'fork', 'opencv_num_threads': 0}
    dist_cfg: {'backend': 'nccl'}
    seed: 50534948
    Distributed launcher: none
    Distributed training: False
    GPU number: 1
------------------------------------------------------------

2026/05/28 15:33:29 - mmengine - INFO - Config:
data_root = '/data/JS/OVDG/data/ACDC'
dataset_type = 'ACDCCityscapes19Dataset'
default_hooks = dict(
    checkpoint=dict(by_epoch=False, interval=2000, type='CheckpointHook'),
    logger=dict(interval=50, log_metric_by_epoch=False, type='LoggerHook'),
    param_scheduler=dict(type='ParamSchedulerHook'),
    sampler_seed=dict(type='DistSamplerSeedHook'),
    timer=dict(type='IterTimerHook'),
    visualization=dict(interval=1, type='SegVisualizationHook'))
default_scope = 'mmseg'
env_cfg = dict(
    cudnn_benchmark=True,
    dist_cfg=dict(backend='nccl'),
    mp_cfg=dict(mp_start_method='fork', opencv_num_threads=0))
launcher = 'none'
load_from = None
log_level = 'INFO'
log_processor = dict(by_epoch=False)
model = dict(
    clip_path='ViT-B/16',
    cross_e=10,
    cross_s=3,
    name_path='./configs/cls_cityscapes_19_original_name.txt',
    pm='SOM',
    prob_thd=0.15,
    purify=True,
    res_cls=0.3,
    type='SFPForSegmentation')
resume = False
test_cfg = dict(type='TestLoop')
test_dataloader = dict(
    batch_size=1,
    dataset=dict(
        data_prefix=dict(img_path='rgb_anon/train', seg_map_path='gt/train'),
        data_root='/data/JS/OVDG/data/ACDC',
        pipeline=[
            dict(type='LoadImageFromFile'),
            dict(keep_ratio=True, scale=(
                2048,
                560,
            ), type='Resize'),
            dict(type='LoadAnnotations'),
            dict(type='PackSegInputs'),
        ],
        type='ACDCCityscapes19Dataset'),
    num_workers=4,
    persistent_workers=True,
    sampler=dict(shuffle=False, type='DefaultSampler'))
test_evaluator = dict(
    iou_metrics=[
        'mIoU',
    ], type='IoUMetric')
test_pipeline = [
    dict(type='LoadImageFromFile'),
    dict(keep_ratio=True, scale=(
        2048,
        560,
    ), type='Resize'),
    dict(type='LoadAnnotations'),
    dict(type='PackSegInputs'),
]
vis_backends = [
    dict(type='LocalVisBackend'),
]
visualizer = dict(
    name='visualizer',
    type='SegLocalVisualizer',
    vis_backends=[
        dict(type='LocalVisBackend'),
    ])
work_dir = '/data/JS/MyGithub_Repos/SFP/SFP_ICCV/work_logs_tf_ovdg_original/20260528_153324/acdc19_orig'

2026/05/28 15:33:33 - mmengine - INFO - Distributed training is not used, all SyncBatchNorm (SyncBN) layers in the model will be automatically reverted to BatchNormXd layers if they are used.
2026/05/28 15:33:33 - mmengine - INFO - Hooks will be executed in the following order:
before_run:
(VERY_HIGH   ) RuntimeInfoHook                    
(BELOW_NORMAL) LoggerHook                         
 -------------------- 
before_train:
(VERY_HIGH   ) RuntimeInfoHook                    
(NORMAL      ) IterTimerHook                      
(VERY_LOW    ) CheckpointHook                     
 -------------------- 
before_train_epoch:
(VERY_HIGH   ) RuntimeInfoHook                    
(NORMAL      ) IterTimerHook                      
(NORMAL      ) DistSamplerSeedHook                
 -------------------- 
before_train_iter:
(VERY_HIGH   ) RuntimeInfoHook                    
(NORMAL      ) IterTimerHook                      
 -------------------- 
after_train_iter:
(VERY_HIGH   ) RuntimeInfoHook                    
(NORMAL      ) IterTimerHook                      
(NORMAL      ) SegVisualizationHook               
(BELOW_NORMAL) LoggerHook                         
(LOW         ) ParamSchedulerHook                 
(VERY_LOW    ) CheckpointHook                     
 -------------------- 
after_train_epoch:
(NORMAL      ) IterTimerHook                      
(LOW         ) ParamSchedulerHook                 
(VERY_LOW    ) CheckpointHook                     
 -------------------- 
before_val:
(VERY_HIGH   ) RuntimeInfoHook                    
 -------------------- 
before_val_epoch:
(NORMAL      ) IterTimerHook                      
 -------------------- 
before_val_iter:
(NORMAL      ) IterTimerHook                      
 -------------------- 
after_val_iter:
(NORMAL      ) IterTimerHook                      
(NORMAL      ) SegVisualizationHook               
(BELOW_NORMAL) LoggerHook                         
 -------------------- 
after_val_epoch:
(VERY_HIGH   ) RuntimeInfoHook                    
(NORMAL      ) IterTimerHook                      
(BELOW_NORMAL) LoggerHook                         
(LOW         ) ParamSchedulerHook                 
(VERY_LOW    ) CheckpointHook                     
 -------------------- 
after_val:
(VERY_HIGH   ) RuntimeInfoHook                    
 -------------------- 
after_train:
(VERY_HIGH   ) RuntimeInfoHook                    
(VERY_LOW    ) CheckpointHook                     
 -------------------- 
before_test:
(VERY_HIGH   ) RuntimeInfoHook                    
 -------------------- 
before_test_epoch:
(NORMAL      ) IterTimerHook                      
 -------------------- 
before_test_iter:
(NORMAL      ) IterTimerHook                      
 -------------------- 
after_test_iter:
(NORMAL      ) IterTimerHook                      
(NORMAL      ) SegVisualizationHook               
(BELOW_NORMAL) LoggerHook                         
 -------------------- 
after_test_epoch:
(VERY_HIGH   ) RuntimeInfoHook                    
(NORMAL      ) IterTimerHook                      
(BELOW_NORMAL) LoggerHook                         
 -------------------- 
after_test:
(VERY_HIGH   ) RuntimeInfoHook                    
 -------------------- 
after_run:
(BELOW_NORMAL) LoggerHook                         
 -------------------- 
2026/05/28 15:33:34 - mmengine - WARNING - The prefix is not set in metric class IoUMetric.
2026/05/28 15:33:53 - mmengine - INFO - Iter(test) [  50/1600]    eta: 0:10:00  time: 0.3778  data_time: 0.0055  memory: 846  
2026/05/28 15:34:11 - mmengine - INFO - Iter(test) [ 100/1600]    eta: 0:09:14  time: 0.3867  data_time: 0.0061  memory: 846  
2026/05/28 15:34:29 - mmengine - INFO - Iter(test) [ 150/1600]    eta: 0:08:54  time: 0.3374  data_time: 0.0047  memory: 846  
2026/05/28 15:34:48 - mmengine - INFO - Iter(test) [ 200/1600]    eta: 0:08:40  time: 0.4059  data_time: 0.0060  memory: 846  
2026/05/28 15:35:06 - mmengine - INFO - Iter(test) [ 250/1600]    eta: 0:08:16  time: 0.3374  data_time: 0.0054  memory: 846  
2026/05/28 15:35:26 - mmengine - INFO - Iter(test) [ 300/1600]    eta: 0:08:04  time: 0.3956  data_time: 0.0073  memory: 846  
2026/05/28 15:35:43 - mmengine - INFO - Iter(test) [ 350/1600]    eta: 0:07:42  time: 0.3533  data_time: 0.0057  memory: 846  
2026/05/28 15:36:01 - mmengine - INFO - Iter(test) [ 400/1600]    eta: 0:07:20  time: 0.3693  data_time: 0.0061  memory: 846  
2026/05/28 15:36:19 - mmengine - INFO - Iter(test) [ 450/1600]    eta: 0:07:01  time: 0.3922  data_time: 0.0063  memory: 846  
2026/05/28 15:36:37 - mmengine - INFO - Iter(test) [ 500/1600]    eta: 0:06:42  time: 0.3422  data_time: 0.0067  memory: 846  
2026/05/28 15:36:53 - mmengine - INFO - Iter(test) [ 550/1600]    eta: 0:06:20  time: 0.3367  data_time: 0.0047  memory: 846  
2026/05/28 15:37:11 - mmengine - INFO - Iter(test) [ 600/1600]    eta: 0:06:02  time: 0.3811  data_time: 0.0061  memory: 846  
2026/05/28 15:37:28 - mmengine - INFO - Iter(test) [ 650/1600]    eta: 0:05:42  time: 0.3371  data_time: 0.0047  memory: 846  
2026/05/28 15:37:45 - mmengine - INFO - Iter(test) [ 700/1600]    eta: 0:05:23  time: 0.3381  data_time: 0.0062  memory: 846  
2026/05/28 15:38:04 - mmengine - INFO - Iter(test) [ 750/1600]    eta: 0:05:06  time: 0.4008  data_time: 0.0065  memory: 846  
2026/05/28 15:38:21 - mmengine - INFO - Iter(test) [ 800/1600]    eta: 0:04:47  time: 0.3131  data_time: 0.0047  memory: 846  
2026/05/28 15:38:40 - mmengine - INFO - Iter(test) [ 850/1600]    eta: 0:04:29  time: 0.3579  data_time: 0.0054  memory: 846  
2026/05/28 15:38:57 - mmengine - INFO - Iter(test) [ 900/1600]    eta: 0:04:11  time: 0.3699  data_time: 0.0053  memory: 846  
2026/05/28 15:39:14 - mmengine - INFO - Iter(test) [ 950/1600]    eta: 0:03:52  time: 0.3673  data_time: 0.0055  memory: 846  
2026/05/28 15:39:31 - mmengine - INFO - Iter(test) [1000/1600]    eta: 0:03:34  time: 0.3310  data_time: 0.0049  memory: 846  
2026/05/28 15:39:50 - mmengine - INFO - Iter(test) [1050/1600]    eta: 0:03:16  time: 0.3766  data_time: 0.0059  memory: 846  
2026/05/28 15:40:08 - mmengine - INFO - Iter(test) [1100/1600]    eta: 0:02:59  time: 0.4261  data_time: 0.0058  memory: 846  
2026/05/28 15:40:26 - mmengine - INFO - Iter(test) [1150/1600]    eta: 0:02:41  time: 0.3396  data_time: 0.0048  memory: 846  
2026/05/28 15:40:44 - mmengine - INFO - Iter(test) [1200/1600]    eta: 0:02:23  time: 0.3248  data_time: 0.0047  memory: 846  
2026/05/28 15:41:02 - mmengine - INFO - Iter(test) [1250/1600]    eta: 0:02:05  time: 0.3785  data_time: 0.0051  memory: 846  
2026/05/28 15:41:20 - mmengine - INFO - Iter(test) [1300/1600]    eta: 0:01:47  time: 0.3816  data_time: 0.0058  memory: 846  
2026/05/28 15:41:37 - mmengine - INFO - Iter(test) [1350/1600]    eta: 0:01:29  time: 0.3560  data_time: 0.0054  memory: 846  
2026/05/28 15:41:56 - mmengine - INFO - Iter(test) [1400/1600]    eta: 0:01:11  time: 0.3586  data_time: 0.0048  memory: 846  
2026/05/28 15:42:15 - mmengine - INFO - Iter(test) [1450/1600]    eta: 0:00:53  time: 0.3288  data_time: 0.0047  memory: 846  
2026/05/28 15:42:32 - mmengine - INFO - Iter(test) [1500/1600]    eta: 0:00:35  time: 0.3415  data_time: 0.0049  memory: 846  
2026/05/28 15:42:50 - mmengine - INFO - Iter(test) [1550/1600]    eta: 0:00:17  time: 0.3894  data_time: 0.0055  memory: 846  
2026/05/28 15:43:07 - mmengine - INFO - Iter(test) [1600/1600]    eta: 0:00:00  time: 0.3168  data_time: 0.0044  memory: 846  
2026/05/28 15:43:07 - mmengine - INFO - per class results:
2026/05/28 15:43:07 - mmengine - INFO - 
+---------------+-------+-------+
|     Class     |  IoU  |  Acc  |
+---------------+-------+-------+
|      road     | 64.21 | 95.92 |
|    sidewalk   | 17.15 |  22.2 |
|    building   | 67.19 |  74.4 |
|      wall     | 15.13 | 48.01 |
|     fence     | 23.69 | 28.49 |
|      pole     | 10.31 | 46.92 |
| traffic light | 22.84 |  78.5 |
|  traffic sign | 41.84 | 54.95 |
|   vegetation  | 66.37 | 72.65 |
|    terrain    |  0.16 |  0.16 |
|      sky      | 77.87 |  79.5 |
|     person    | 19.28 | 20.72 |
|     rider     | 20.87 | 48.53 |
|      car      | 62.57 | 78.54 |
|     truck     | 36.29 | 68.77 |
|      bus      | 23.25 | 75.35 |
|     train     | 21.38 | 33.86 |
|   motorcycle  | 31.76 | 38.58 |
|    bicycle    | 41.57 |  61.1 |
+---------------+-------+-------+
2026/05/28 15:43:07 - mmengine - INFO - Iter(test) [1600/1600]    aAcc: 74.2000  mIoU: 34.9300  mAcc: 54.0600  data_time: 0.0057  time: 0.3583
