2026/05/28 15:08:14 - mmengine - INFO - 
------------------------------------------------------------
System environment:
    sys.platform: linux
    Python: 3.9.23 (main, Jun  5 2025, 13:40:20) [GCC 11.2.0]
    CUDA available: True
    numpy_random_seed: 45260470
    GPU 0: NVIDIA GeForce RTX 4090
    CUDA_HOME: /usr/local/cuda
    NVCC: Cuda compilation tools, release 12.1, V12.1.105
    GCC: gcc (Ubuntu 9.4.0-1ubuntu1~20.04.2) 9.4.0
    PyTorch: 2.0.0+cu118
    PyTorch compiling details: PyTorch built with:
  - GCC 9.3
  - C++ Version: 201703
  - Intel(R) oneAPI Math Kernel Library Version 2022.2-Product Build 20220804 for Intel(R) 64 architecture applications
  - Intel(R) MKL-DNN v2.7.3 (Git Hash 6dbeffbae1f23cbbeae17adb7b5b13f1f37c080e)
  - OpenMP 201511 (a.k.a. OpenMP 4.5)
  - LAPACK is enabled (usually provided by MKL)
  - NNPACK is enabled
  - CPU capability usage: AVX2
  - CUDA Runtime 11.8
  - NVCC architecture flags: -gencode;arch=compute_37,code=sm_37;-gencode;arch=compute_50,code=sm_50;-gencode;arch=compute_60,code=sm_60;-gencode;arch=compute_70,code=sm_70;-gencode;arch=compute_75,code=sm_75;-gencode;arch=compute_80,code=sm_80;-gencode;arch=compute_86,code=sm_86;-gencode;arch=compute_90,code=sm_90
  - CuDNN 8.7
  - Magma 2.6.1
  - Build settings: BLAS_INFO=mkl, BUILD_TYPE=Release, CUDA_VERSION=11.8, CUDNN_VERSION=8.7.0, CXX_COMPILER=/opt/rh/devtoolset-9/root/usr/bin/c++, CXX_FLAGS= -D_GLIBCXX_USE_CXX11_ABI=0 -fabi-version=11 -Wno-deprecated -fvisibility-inlines-hidden -DUSE_PTHREADPOOL -DNDEBUG -DUSE_KINETO -DLIBKINETO_NOROCTRACER -DUSE_FBGEMM -DUSE_QNNPACK -DUSE_PYTORCH_QNNPACK -DUSE_XNNPACK -DSYMBOLICATE_MOBILE_DEBUG_HANDLE -O2 -fPIC -Wall -Wextra -Werror=return-type -Werror=non-virtual-dtor -Werror=bool-operation -Wnarrowing -Wno-missing-field-initializers -Wno-type-limits -Wno-array-bounds -Wno-unknown-pragmas -Wunused-local-typedefs -Wno-unused-parameter -Wno-unused-function -Wno-unused-result -Wno-strict-overflow -Wno-strict-aliasing -Wno-error=deprecated-declarations -Wno-stringop-overflow -Wno-psabi -Wno-error=pedantic -Wno-error=redundant-decls -Wno-error=old-style-cast -fdiagnostics-color=always -faligned-new -Wno-unused-but-set-variable -Wno-maybe-uninitialized -fno-math-errno -fno-trapping-math -Werror=format -Werror=cast-function-type -Wno-stringop-overflow, LAPACK_INFO=mkl, PERF_WITH_AVX=1, PERF_WITH_AVX2=1, PERF_WITH_AVX512=1, TORCH_DISABLE_GPU_ASSERTS=ON, TORCH_VERSION=2.0.0, USE_CUDA=ON, USE_CUDNN=ON, USE_EXCEPTION_PTR=1, USE_GFLAGS=OFF, USE_GLOG=OFF, USE_MKL=ON, USE_MKLDNN=ON, USE_MPI=OFF, USE_NCCL=1, USE_NNPACK=ON, USE_OPENMP=ON, USE_ROCM=OFF, 

    TorchVision: 0.15.1+cu118
    OpenCV: 4.10.0
    MMEngine: 0.8.4

Runtime environment:
    cudnn_benchmark: True
    mp_cfg: {'mp_start_method': 'fork', 'opencv_num_threads': 0}
    dist_cfg: {'backend': 'nccl'}
    seed: 45260470
    Distributed launcher: none
    Distributed training: False
    GPU number: 1
------------------------------------------------------------

2026/05/28 15:08:14 - mmengine - INFO - Config:
data_root = '/data/JS/OVDG/data/BDD/bdd100k'
dataset_type = 'BDD100KCityscapes19Dataset'
default_hooks = dict(
    checkpoint=dict(by_epoch=False, interval=2000, type='CheckpointHook'),
    logger=dict(interval=50, log_metric_by_epoch=False, type='LoggerHook'),
    param_scheduler=dict(type='ParamSchedulerHook'),
    sampler_seed=dict(type='DistSamplerSeedHook'),
    timer=dict(type='IterTimerHook'),
    visualization=dict(interval=1, type='SegVisualizationHook'))
default_scope = 'mmseg'
env_cfg = dict(
    cudnn_benchmark=True,
    dist_cfg=dict(backend='nccl'),
    mp_cfg=dict(mp_start_method='fork', opencv_num_threads=0))
launcher = 'none'
load_from = None
log_level = 'INFO'
log_processor = dict(by_epoch=False)
model = dict(
    clip_path='ViT-B/16',
    cross_e=10,
    cross_s=3,
    name_path='./configs/cls_cityscapes_19.txt',
    pm='SOM',
    prob_thd=0.15,
    purify=True,
    res_cls=0.3,
    type='SFPForSegmentation')
resume = False
test_cfg = dict(type='TestLoop')
test_dataloader = dict(
    batch_size=1,
    dataset=dict(
        data_prefix=dict(img_path='images/10k/val', seg_map_path='labels/val'),
        data_root='/data/JS/OVDG/data/BDD/bdd100k',
        pipeline=[
            dict(type='LoadImageFromFile'),
            dict(keep_ratio=True, scale=(
                2048,
                560,
            ), type='Resize'),
            dict(type='LoadAnnotations'),
            dict(type='PackSegInputs'),
        ],
        type='BDD100KCityscapes19Dataset'),
    num_workers=4,
    persistent_workers=True,
    sampler=dict(shuffle=False, type='DefaultSampler'))
test_evaluator = dict(
    iou_metrics=[
        'mIoU',
    ], type='IoUMetric')
test_pipeline = [
    dict(type='LoadImageFromFile'),
    dict(keep_ratio=True, scale=(
        2048,
        560,
    ), type='Resize'),
    dict(type='LoadAnnotations'),
    dict(type='PackSegInputs'),
]
vis_backends = [
    dict(type='LocalVisBackend'),
]
visualizer = dict(
    name='visualizer',
    type='SegLocalVisualizer',
    vis_backends=[
        dict(type='LocalVisBackend'),
    ])
work_dir = '/data/JS/MyGithub_Repos/SFP/SFP_ICCV/work_logs_tf_ovdg/20260528_150809/bdd19'

2026/05/28 15:08:19 - mmengine - INFO - Distributed training is not used, all SyncBatchNorm (SyncBN) layers in the model will be automatically reverted to BatchNormXd layers if they are used.
2026/05/28 15:08:19 - mmengine - INFO - Hooks will be executed in the following order:
before_run:
(VERY_HIGH   ) RuntimeInfoHook                    
(BELOW_NORMAL) LoggerHook                         
 -------------------- 
before_train:
(VERY_HIGH   ) RuntimeInfoHook                    
(NORMAL      ) IterTimerHook                      
(VERY_LOW    ) CheckpointHook                     
 -------------------- 
before_train_epoch:
(VERY_HIGH   ) RuntimeInfoHook                    
(NORMAL      ) IterTimerHook                      
(NORMAL      ) DistSamplerSeedHook                
 -------------------- 
before_train_iter:
(VERY_HIGH   ) RuntimeInfoHook                    
(NORMAL      ) IterTimerHook                      
 -------------------- 
after_train_iter:
(VERY_HIGH   ) RuntimeInfoHook                    
(NORMAL      ) IterTimerHook                      
(NORMAL      ) SegVisualizationHook               
(BELOW_NORMAL) LoggerHook                         
(LOW         ) ParamSchedulerHook                 
(VERY_LOW    ) CheckpointHook                     
 -------------------- 
after_train_epoch:
(NORMAL      ) IterTimerHook                      
(LOW         ) ParamSchedulerHook                 
(VERY_LOW    ) CheckpointHook                     
 -------------------- 
before_val:
(VERY_HIGH   ) RuntimeInfoHook                    
 -------------------- 
before_val_epoch:
(NORMAL      ) IterTimerHook                      
 -------------------- 
before_val_iter:
(NORMAL      ) IterTimerHook                      
 -------------------- 
after_val_iter:
(NORMAL      ) IterTimerHook                      
(NORMAL      ) SegVisualizationHook               
(BELOW_NORMAL) LoggerHook                         
 -------------------- 
after_val_epoch:
(VERY_HIGH   ) RuntimeInfoHook                    
(NORMAL      ) IterTimerHook                      
(BELOW_NORMAL) LoggerHook                         
(LOW         ) ParamSchedulerHook                 
(VERY_LOW    ) CheckpointHook                     
 -------------------- 
after_val:
(VERY_HIGH   ) RuntimeInfoHook                    
 -------------------- 
after_train:
(VERY_HIGH   ) RuntimeInfoHook                    
(VERY_LOW    ) CheckpointHook                     
 -------------------- 
before_test:
(VERY_HIGH   ) RuntimeInfoHook                    
 -------------------- 
before_test_epoch:
(NORMAL      ) IterTimerHook                      
 -------------------- 
before_test_iter:
(NORMAL      ) IterTimerHook                      
 -------------------- 
after_test_iter:
(NORMAL      ) IterTimerHook                      
(NORMAL      ) SegVisualizationHook               
(BELOW_NORMAL) LoggerHook                         
 -------------------- 
after_test_epoch:
(VERY_HIGH   ) RuntimeInfoHook                    
(NORMAL      ) IterTimerHook                      
(BELOW_NORMAL) LoggerHook                         
 -------------------- 
after_test:
(VERY_HIGH   ) RuntimeInfoHook                    
 -------------------- 
after_run:
(BELOW_NORMAL) LoggerHook                         
 -------------------- 
2026/05/28 15:08:19 - mmengine - WARNING - The prefix is not set in metric class IoUMetric.
2026/05/28 15:08:37 - mmengine - INFO - Iter(test) [  50/1000]    eta: 0:05:29  time: 0.3057  data_time: 0.0029  memory: 1071  
2026/05/28 15:08:52 - mmengine - INFO - Iter(test) [ 100/1000]    eta: 0:04:51  time: 0.2981  data_time: 0.0030  memory: 1071  
2026/05/28 15:09:07 - mmengine - INFO - Iter(test) [ 150/1000]    eta: 0:04:30  time: 0.3097  data_time: 0.0030  memory: 1071  
2026/05/28 15:09:22 - mmengine - INFO - Iter(test) [ 200/1000]    eta: 0:04:12  time: 0.3106  data_time: 0.0029  memory: 1071  
2026/05/28 15:09:38 - mmengine - INFO - Iter(test) [ 250/1000]    eta: 0:03:56  time: 0.3104  data_time: 0.0030  memory: 1071  
2026/05/28 15:09:54 - mmengine - INFO - Iter(test) [ 300/1000]    eta: 0:03:40  time: 0.3121  data_time: 0.0029  memory: 1071  
2026/05/28 15:10:09 - mmengine - INFO - Iter(test) [ 350/1000]    eta: 0:03:24  time: 0.3085  data_time: 0.0029  memory: 1071  
2026/05/28 15:10:25 - mmengine - INFO - Iter(test) [ 400/1000]    eta: 0:03:07  time: 0.3043  data_time: 0.0030  memory: 1071  
2026/05/28 15:10:40 - mmengine - INFO - Iter(test) [ 450/1000]    eta: 0:02:51  time: 0.2999  data_time: 0.0029  memory: 1071  
2026/05/28 15:10:55 - mmengine - INFO - Iter(test) [ 500/1000]    eta: 0:02:35  time: 0.3035  data_time: 0.0028  memory: 1071  
2026/05/28 15:11:10 - mmengine - INFO - Iter(test) [ 550/1000]    eta: 0:02:20  time: 0.3072  data_time: 0.0029  memory: 1071  
2026/05/28 15:11:26 - mmengine - INFO - Iter(test) [ 600/1000]    eta: 0:02:04  time: 0.3029  data_time: 0.0029  memory: 1071  
2026/05/28 15:11:42 - mmengine - INFO - Iter(test) [ 650/1000]    eta: 0:01:49  time: 0.3095  data_time: 0.0029  memory: 1071  
2026/05/28 15:11:57 - mmengine - INFO - Iter(test) [ 700/1000]    eta: 0:01:33  time: 0.3064  data_time: 0.0028  memory: 1071  
2026/05/28 15:12:13 - mmengine - INFO - Iter(test) [ 750/1000]    eta: 0:01:17  time: 0.3114  data_time: 0.0029  memory: 1071  
2026/05/28 15:12:28 - mmengine - INFO - Iter(test) [ 800/1000]    eta: 0:01:02  time: 0.3091  data_time: 0.0030  memory: 1071  
2026/05/28 15:12:44 - mmengine - INFO - Iter(test) [ 850/1000]    eta: 0:00:46  time: 0.3255  data_time: 0.0030  memory: 1071  
2026/05/28 15:12:59 - mmengine - INFO - Iter(test) [ 900/1000]    eta: 0:00:31  time: 0.3067  data_time: 0.0028  memory: 1071  
2026/05/28 15:13:15 - mmengine - INFO - Iter(test) [ 950/1000]    eta: 0:00:15  time: 0.3044  data_time: 0.0029  memory: 1071  
2026/05/28 15:13:30 - mmengine - INFO - Iter(test) [1000/1000]    eta: 0:00:00  time: 0.3071  data_time: 0.0027  memory: 1071  
2026/05/28 15:13:30 - mmengine - INFO - per class results:
2026/05/28 15:13:30 - mmengine - INFO - 
+---------------+-------+-------+
|     Class     |  IoU  |  Acc  |
+---------------+-------+-------+
|      road     | 52.03 | 87.96 |
|    sidewalk   | 36.52 | 62.08 |
|    building   | 38.98 | 40.17 |
|      wall     |  7.55 | 39.89 |
|     fence     | 23.15 | 29.55 |
|      pole     |  13.3 | 29.09 |
| traffic light | 22.03 |  71.7 |
|  traffic sign | 30.36 |  39.4 |
|   vegetation  | 76.46 | 83.94 |
|    terrain    |  28.2 | 34.55 |
|      sky      | 68.92 | 69.48 |
|     person    | 13.88 | 15.24 |
|     rider     |  7.2  | 32.08 |
|      car      | 70.83 | 83.11 |
|     truck     | 28.73 | 62.61 |
|      bus      | 55.56 | 64.99 |
|     train     |  3.19 |  3.91 |
|   motorcycle  | 11.06 | 11.12 |
|    bicycle    | 30.63 | 35.51 |
+---------------+-------+-------+
2026/05/28 15:13:30 - mmengine - INFO - Iter(test) [1000/1000]    aAcc: 71.1900  mIoU: 32.5600  mAcc: 47.1800  data_time: 0.0031  time: 0.3107
