05/28 15:39:09 - mmengine - INFO - 
------------------------------------------------------------
System environment:
    sys.platform: linux
    Python: 3.9.23 (main, Jun  5 2025, 13:40:20) [GCC 11.2.0]
    CUDA available: True
    numpy_random_seed: 2109976210
    GPU 0: NVIDIA GeForce RTX 4090
    CUDA_HOME: /usr/local/cuda
    NVCC: Cuda compilation tools, release 12.1, V12.1.105
    GCC: gcc (Ubuntu 9.4.0-1ubuntu1~20.04.2) 9.4.0
    PyTorch: 2.0.0+cu118
    PyTorch compiling details: PyTorch built with:
  - GCC 9.3
  - C++ Version: 201703
  - Intel(R) oneAPI Math Kernel Library Version 2022.2-Product Build 20220804 for Intel(R) 64 architecture applications
  - Intel(R) MKL-DNN v2.7.3 (Git Hash 6dbeffbae1f23cbbeae17adb7b5b13f1f37c080e)
  - OpenMP 201511 (a.k.a. OpenMP 4.5)
  - LAPACK is enabled (usually provided by MKL)
  - NNPACK is enabled
  - CPU capability usage: AVX2
  - CUDA Runtime 11.8
  - NVCC architecture flags: -gencode;arch=compute_37,code=sm_37;-gencode;arch=compute_50,code=sm_50;-gencode;arch=compute_60,code=sm_60;-gencode;arch=compute_70,code=sm_70;-gencode;arch=compute_75,code=sm_75;-gencode;arch=compute_80,code=sm_80;-gencode;arch=compute_86,code=sm_86;-gencode;arch=compute_90,code=sm_90
  - CuDNN 8.7
  - Magma 2.6.1
  - Build settings: BLAS_INFO=mkl, BUILD_TYPE=Release, CUDA_VERSION=11.8, CUDNN_VERSION=8.7.0, CXX_COMPILER=/opt/rh/devtoolset-9/root/usr/bin/c++, CXX_FLAGS= -D_GLIBCXX_USE_CXX11_ABI=0 -fabi-version=11 -Wno-deprecated -fvisibility-inlines-hidden -DUSE_PTHREADPOOL -DNDEBUG -DUSE_KINETO -DLIBKINETO_NOROCTRACER -DUSE_FBGEMM -DUSE_QNNPACK -DUSE_PYTORCH_QNNPACK -DUSE_XNNPACK -DSYMBOLICATE_MOBILE_DEBUG_HANDLE -O2 -fPIC -Wall -Wextra -Werror=return-type -Werror=non-virtual-dtor -Werror=bool-operation -Wnarrowing -Wno-missing-field-initializers -Wno-type-limits -Wno-array-bounds -Wno-unknown-pragmas -Wunused-local-typedefs -Wno-unused-parameter -Wno-unused-function -Wno-unused-result -Wno-strict-overflow -Wno-strict-aliasing -Wno-error=deprecated-declarations -Wno-stringop-overflow -Wno-psabi -Wno-error=pedantic -Wno-error=redundant-decls -Wno-error=old-style-cast -fdiagnostics-color=always -faligned-new -Wno-unused-but-set-variable -Wno-maybe-uninitialized -fno-math-errno -fno-trapping-math -Werror=format -Werror=cast-function-type -Wno-stringop-overflow, LAPACK_INFO=mkl, PERF_WITH_AVX=1, PERF_WITH_AVX2=1, PERF_WITH_AVX512=1, TORCH_DISABLE_GPU_ASSERTS=ON, TORCH_VERSION=2.0.0, USE_CUDA=ON, USE_CUDNN=ON, USE_EXCEPTION_PTR=1, USE_GFLAGS=OFF, USE_GLOG=OFF, USE_MKL=ON, USE_MKLDNN=ON, USE_MPI=OFF, USE_NCCL=1, USE_NNPACK=ON, USE_OPENMP=ON, USE_ROCM=OFF, 

    TorchVision: 0.15.1+cu118
    OpenCV: 4.10.0
    MMEngine: 0.8.4

Runtime environment:
    cudnn_benchmark: True
    mp_cfg: {'mp_start_method': 'fork', 'opencv_num_threads': 0}
    dist_cfg: {'backend': 'nccl'}
    seed: 2109976210
    Distributed launcher: none
    Distributed training: False
    GPU number: 1
------------------------------------------------------------

05/28 15:39:09 - mmengine - INFO - Config:
data_root = '/data/JS/OVDG/data/mapillary'
dataset_type = 'Mapillary30Dataset'
default_hooks = dict(
    checkpoint=dict(by_epoch=False, interval=2000, type='CheckpointHook'),
    logger=dict(interval=50, log_metric_by_epoch=False, type='LoggerHook'),
    param_scheduler=dict(type='ParamSchedulerHook'),
    sampler_seed=dict(type='DistSamplerSeedHook'),
    timer=dict(type='IterTimerHook'),
    visualization=dict(interval=1, type='SegVisualizationHook'))
default_scope = 'mmseg'
env_cfg = dict(
    cudnn_benchmark=True,
    dist_cfg=dict(backend='nccl'),
    mp_cfg=dict(mp_start_method='fork', opencv_num_threads=0))
launcher = 'none'
load_from = None
log_level = 'INFO'
log_processor = dict(by_epoch=False)
model = dict(
    clip_path='ViT-B/16',
    cross_e=10,
    cross_s=3,
    name_path='./configs/cls_mapi_30_original_name.txt',
    pm='SOM',
    prob_thd=0.15,
    purify=True,
    res_cls=0.3,
    type='SFPForSegmentation')
resume = False
test_cfg = dict(type='TestLoop')
test_dataloader = dict(
    batch_size=1,
    dataset=dict(
        data_prefix=dict(img_path='OV_30/images', seg_map_path='OV_30/labels'),
        data_root='/data/JS/OVDG/data/mapillary',
        pipeline=[
            dict(type='LoadImageFromFile'),
            dict(keep_ratio=True, scale=(
                2048,
                560,
            ), type='Resize'),
            dict(type='LoadAnnotations'),
            dict(type='PackSegInputs'),
        ],
        type='Mapillary30Dataset'),
    num_workers=4,
    persistent_workers=True,
    sampler=dict(shuffle=False, type='DefaultSampler'))
test_evaluator = dict(
    iou_metrics=[
        'mIoU',
    ], type='IoUMetric')
test_pipeline = [
    dict(type='LoadImageFromFile'),
    dict(keep_ratio=True, scale=(
        2048,
        560,
    ), type='Resize'),
    dict(type='LoadAnnotations'),
    dict(type='PackSegInputs'),
]
vis_backends = [
    dict(type='LocalVisBackend'),
]
visualizer = dict(
    name='visualizer',
    type='SegLocalVisualizer',
    vis_backends=[
        dict(type='LocalVisBackend'),
    ])
work_dir = '/data/JS/MyGithub_Repos/SFP/SFP_ICCV/work_logs_tf_ovdg_original/20260528_153324/mapi30_orig'

05/28 15:39:13 - mmengine - INFO - Distributed training is not used, all SyncBatchNorm (SyncBN) layers in the model will be automatically reverted to BatchNormXd layers if they are used.
05/28 15:39:13 - mmengine - INFO - Hooks will be executed in the following order:
before_run:
(VERY_HIGH   ) RuntimeInfoHook                    
(BELOW_NORMAL) LoggerHook                         
 -------------------- 
before_train:
(VERY_HIGH   ) RuntimeInfoHook                    
(NORMAL      ) IterTimerHook                      
(VERY_LOW    ) CheckpointHook                     
 -------------------- 
before_train_epoch:
(VERY_HIGH   ) RuntimeInfoHook                    
(NORMAL      ) IterTimerHook                      
(NORMAL      ) DistSamplerSeedHook                
 -------------------- 
before_train_iter:
(VERY_HIGH   ) RuntimeInfoHook                    
(NORMAL      ) IterTimerHook                      
 -------------------- 
after_train_iter:
(VERY_HIGH   ) RuntimeInfoHook                    
(NORMAL      ) IterTimerHook                      
(NORMAL      ) SegVisualizationHook               
(BELOW_NORMAL) LoggerHook                         
(LOW         ) ParamSchedulerHook                 
(VERY_LOW    ) CheckpointHook                     
 -------------------- 
after_train_epoch:
(NORMAL      ) IterTimerHook                      
(LOW         ) ParamSchedulerHook                 
(VERY_LOW    ) CheckpointHook                     
 -------------------- 
before_val:
(VERY_HIGH   ) RuntimeInfoHook                    
 -------------------- 
before_val_epoch:
(NORMAL      ) IterTimerHook                      
 -------------------- 
before_val_iter:
(NORMAL      ) IterTimerHook                      
 -------------------- 
after_val_iter:
(NORMAL      ) IterTimerHook                      
(NORMAL      ) SegVisualizationHook               
(BELOW_NORMAL) LoggerHook                         
 -------------------- 
after_val_epoch:
(VERY_HIGH   ) RuntimeInfoHook                    
(NORMAL      ) IterTimerHook                      
(BELOW_NORMAL) LoggerHook                         
(LOW         ) ParamSchedulerHook                 
(VERY_LOW    ) CheckpointHook                     
 -------------------- 
after_val:
(VERY_HIGH   ) RuntimeInfoHook                    
 -------------------- 
after_train:
(VERY_HIGH   ) RuntimeInfoHook                    
(VERY_LOW    ) CheckpointHook                     
 -------------------- 
before_test:
(VERY_HIGH   ) RuntimeInfoHook                    
 -------------------- 
before_test_epoch:
(NORMAL      ) IterTimerHook                      
 -------------------- 
before_test_iter:
(NORMAL      ) IterTimerHook                      
 -------------------- 
after_test_iter:
(NORMAL      ) IterTimerHook                      
(NORMAL      ) SegVisualizationHook               
(BELOW_NORMAL) LoggerHook                         
 -------------------- 
after_test_epoch:
(VERY_HIGH   ) RuntimeInfoHook                    
(NORMAL      ) IterTimerHook                      
(BELOW_NORMAL) LoggerHook                         
 -------------------- 
after_test:
(VERY_HIGH   ) RuntimeInfoHook                    
 -------------------- 
after_run:
(BELOW_NORMAL) LoggerHook                         
 -------------------- 
05/28 15:39:13 - mmengine - WARNING - The prefix is not set in metric class IoUMetric.
05/28 15:39:30 - mmengine - INFO - Iter(test) [  50/1943]    eta: 0:10:30  time: 0.3418  data_time: 0.0210  memory: 6128  
05/28 15:39:45 - mmengine - INFO - Iter(test) [ 100/1943]    eta: 0:09:41  time: 0.2722  data_time: 0.0155  memory: 6128  
05/28 15:40:00 - mmengine - INFO - Iter(test) [ 150/1943]    eta: 0:09:19  time: 0.3423  data_time: 0.0156  memory: 6128  
05/28 15:40:15 - mmengine - INFO - Iter(test) [ 200/1943]    eta: 0:09:00  time: 0.2745  data_time: 0.0144  memory: 6128  
05/28 15:40:29 - mmengine - INFO - Iter(test) [ 250/1943]    eta: 0:08:36  time: 0.2778  data_time: 0.0144  memory: 7840  
05/28 15:40:44 - mmengine - INFO - Iter(test) [ 300/1943]    eta: 0:08:16  time: 0.3484  data_time: 0.0154  memory: 6128  
05/28 15:40:58 - mmengine - INFO - Iter(test) [ 350/1943]    eta: 0:07:56  time: 0.3160  data_time: 0.0155  memory: 6128  
05/28 15:41:12 - mmengine - INFO - Iter(test) [ 400/1943]    eta: 0:07:38  time: 0.3067  data_time: 0.0117  memory: 7840  
05/28 15:41:26 - mmengine - INFO - Iter(test) [ 450/1943]    eta: 0:07:20  time: 0.2711  data_time: 0.0132  memory: 7840  
05/28 15:41:41 - mmengine - INFO - Iter(test) [ 500/1943]    eta: 0:07:07  time: 0.2822  data_time: 0.0161  memory: 7613  
05/28 15:41:55 - mmengine - INFO - Iter(test) [ 550/1943]    eta: 0:06:50  time: 0.2765  data_time: 0.0150  memory: 7613  
05/28 15:42:10 - mmengine - INFO - Iter(test) [ 600/1943]    eta: 0:06:34  time: 0.2869  data_time: 0.0147  memory: 7840  
05/28 15:42:25 - mmengine - INFO - Iter(test) [ 650/1943]    eta: 0:06:21  time: 0.3224  data_time: 0.0131  memory: 6128  
05/28 15:42:41 - mmengine - INFO - Iter(test) [ 700/1943]    eta: 0:06:08  time: 0.3432  data_time: 0.0148  memory: 6128  
05/28 15:42:55 - mmengine - INFO - Iter(test) [ 750/1943]    eta: 0:05:52  time: 0.2842  data_time: 0.0132  memory: 7840  
05/28 15:43:09 - mmengine - INFO - Iter(test) [ 800/1943]    eta: 0:05:37  time: 0.2766  data_time: 0.0118  memory: 7840  
05/28 15:43:24 - mmengine - INFO - Iter(test) [ 850/1943]    eta: 0:05:21  time: 0.3232  data_time: 0.0165  memory: 7840  
05/28 15:43:38 - mmengine - INFO - Iter(test) [ 900/1943]    eta: 0:05:07  time: 0.2833  data_time: 0.0141  memory: 9057  
05/28 15:43:52 - mmengine - INFO - Iter(test) [ 950/1943]    eta: 0:04:51  time: 0.2713  data_time: 0.0124  memory: 7613  
05/28 15:44:06 - mmengine - INFO - Iter(test) [1000/1943]    eta: 0:04:36  time: 0.3016  data_time: 0.0164  memory: 7840  
05/28 15:44:21 - mmengine - INFO - Iter(test) [1050/1943]    eta: 0:04:21  time: 0.2717  data_time: 0.0124  memory: 6125  
05/28 15:44:35 - mmengine - INFO - Iter(test) [1100/1943]    eta: 0:04:06  time: 0.2716  data_time: 0.0126  memory: 7840  
05/28 15:44:48 - mmengine - INFO - Iter(test) [1150/1943]    eta: 0:03:51  time: 0.2787  data_time: 0.0139  memory: 6125  
05/28 15:45:02 - mmengine - INFO - Iter(test) [1200/1943]    eta: 0:03:35  time: 0.2849  data_time: 0.0109  memory: 7840  
05/28 15:45:16 - mmengine - INFO - Iter(test) [1250/1943]    eta: 0:03:21  time: 0.2785  data_time: 0.0126  memory: 5058  
05/28 15:45:30 - mmengine - INFO - Iter(test) [1300/1943]    eta: 0:03:06  time: 0.2857  data_time: 0.0170  memory: 7840  
05/28 15:45:44 - mmengine - INFO - Iter(test) [1350/1943]    eta: 0:02:51  time: 0.2733  data_time: 0.0146  memory: 7840  
05/28 15:45:58 - mmengine - INFO - Iter(test) [1400/1943]    eta: 0:02:36  time: 0.2685  data_time: 0.0116  memory: 6125  
05/28 15:46:12 - mmengine - INFO - Iter(test) [1450/1943]    eta: 0:02:22  time: 0.2736  data_time: 0.0109  memory: 7840  
05/28 15:46:26 - mmengine - INFO - Iter(test) [1500/1943]    eta: 0:02:07  time: 0.2770  data_time: 0.0150  memory: 6125  
05/28 15:46:40 - mmengine - INFO - Iter(test) [1550/1943]    eta: 0:01:53  time: 0.3003  data_time: 0.0153  memory: 7613  
05/28 15:46:57 - mmengine - INFO - Iter(test) [1600/1943]    eta: 0:01:39  time: 0.2844  data_time: 0.0179  memory: 7840  
05/28 15:47:12 - mmengine - INFO - Iter(test) [1650/1943]    eta: 0:01:24  time: 0.2802  data_time: 0.0158  memory: 7840  
05/28 15:47:26 - mmengine - INFO - Iter(test) [1700/1943]    eta: 0:01:10  time: 0.3010  data_time: 0.0144  memory: 5058  
05/28 15:47:41 - mmengine - INFO - Iter(test) [1750/1943]    eta: 0:00:56  time: 0.3329  data_time: 0.0149  memory: 6125  
05/28 15:47:55 - mmengine - INFO - Iter(test) [1800/1943]    eta: 0:00:41  time: 0.2658  data_time: 0.0132  memory: 6125  
05/28 15:48:09 - mmengine - INFO - Iter(test) [1850/1943]    eta: 0:00:26  time: 0.2740  data_time: 0.0124  memory: 6125  
05/28 15:48:24 - mmengine - INFO - Iter(test) [1900/1943]    eta: 0:00:12  time: 0.2863  data_time: 0.0160  memory: 7840  
05/28 15:48:36 - mmengine - INFO - per class results:
05/28 15:48:36 - mmengine - INFO - 
+---------------+-------+-------+
|     Class     |  IoU  |  Acc  |
+---------------+-------+-------+
|      road     |  59.1 | 82.02 |
|    sidewalk   | 44.49 | 73.57 |
|    building   | 65.05 | 71.97 |
|      wall     | 16.77 | 57.18 |
|     bridge    | 25.85 | 51.82 |
|     tunnel    | 42.65 | 48.16 |
|  traffic sign | 34.78 | 47.67 |
| traffic light | 23.26 |  78.3 |
|      pole     | 15.88 | 48.17 |
|     fence     | 24.73 |  29.0 |
|      sky      | 83.32 | 83.91 |
|   vegetation  | 71.29 | 79.39 |
|    terrain    |  3.21 |  3.27 |
|     water     | 63.51 | 68.99 |
|      snow     | 47.31 | 79.06 |
|      sand     | 22.29 | 52.84 |
|     person    | 25.96 |  27.3 |
|     rider     | 12.47 |  13.7 |
|      car      |  67.7 | 83.42 |
|     truck     | 28.61 | 71.28 |
|      bus      | 42.03 | 81.68 |
|     train     | 25.67 | 29.53 |
|    bicycle    |  43.1 | 80.67 |
|   motorcycle  | 51.92 |  75.0 |
|     animal    | 26.35 | 64.55 |
|   signboard   | 17.72 | 20.85 |
|    railway    | 11.17 | 11.57 |
|      boat     | 21.29 | 74.99 |
|     chair     | 25.44 | 30.12 |
|   trash can   | 38.98 | 56.33 |
+---------------+-------+-------+
05/28 15:48:36 - mmengine - INFO - Iter(test) [1943/1943]    aAcc: 74.2100  mIoU: 36.0600  mAcc: 55.8800  data_time: 0.0146  time: 0.2894
