05/28 15:14:14 - mmengine - INFO - 
------------------------------------------------------------
System environment:
    sys.platform: linux
    Python: 3.9.23 (main, Jun  5 2025, 13:40:20) [GCC 11.2.0]
    CUDA available: True
    numpy_random_seed: 231543048
    GPU 0: NVIDIA GeForce RTX 4090
    CUDA_HOME: /usr/local/cuda
    NVCC: Cuda compilation tools, release 12.1, V12.1.105
    GCC: gcc (Ubuntu 9.4.0-1ubuntu1~20.04.2) 9.4.0
    PyTorch: 2.0.0+cu118
    PyTorch compiling details: PyTorch built with:
  - GCC 9.3
  - C++ Version: 201703
  - Intel(R) oneAPI Math Kernel Library Version 2022.2-Product Build 20220804 for Intel(R) 64 architecture applications
  - Intel(R) MKL-DNN v2.7.3 (Git Hash 6dbeffbae1f23cbbeae17adb7b5b13f1f37c080e)
  - OpenMP 201511 (a.k.a. OpenMP 4.5)
  - LAPACK is enabled (usually provided by MKL)
  - NNPACK is enabled
  - CPU capability usage: AVX2
  - CUDA Runtime 11.8
  - NVCC architecture flags: -gencode;arch=compute_37,code=sm_37;-gencode;arch=compute_50,code=sm_50;-gencode;arch=compute_60,code=sm_60;-gencode;arch=compute_70,code=sm_70;-gencode;arch=compute_75,code=sm_75;-gencode;arch=compute_80,code=sm_80;-gencode;arch=compute_86,code=sm_86;-gencode;arch=compute_90,code=sm_90
  - CuDNN 8.7
  - Magma 2.6.1
  - Build settings: BLAS_INFO=mkl, BUILD_TYPE=Release, CUDA_VERSION=11.8, CUDNN_VERSION=8.7.0, CXX_COMPILER=/opt/rh/devtoolset-9/root/usr/bin/c++, CXX_FLAGS= -D_GLIBCXX_USE_CXX11_ABI=0 -fabi-version=11 -Wno-deprecated -fvisibility-inlines-hidden -DUSE_PTHREADPOOL -DNDEBUG -DUSE_KINETO -DLIBKINETO_NOROCTRACER -DUSE_FBGEMM -DUSE_QNNPACK -DUSE_PYTORCH_QNNPACK -DUSE_XNNPACK -DSYMBOLICATE_MOBILE_DEBUG_HANDLE -O2 -fPIC -Wall -Wextra -Werror=return-type -Werror=non-virtual-dtor -Werror=bool-operation -Wnarrowing -Wno-missing-field-initializers -Wno-type-limits -Wno-array-bounds -Wno-unknown-pragmas -Wunused-local-typedefs -Wno-unused-parameter -Wno-unused-function -Wno-unused-result -Wno-strict-overflow -Wno-strict-aliasing -Wno-error=deprecated-declarations -Wno-stringop-overflow -Wno-psabi -Wno-error=pedantic -Wno-error=redundant-decls -Wno-error=old-style-cast -fdiagnostics-color=always -faligned-new -Wno-unused-but-set-variable -Wno-maybe-uninitialized -fno-math-errno -fno-trapping-math -Werror=format -Werror=cast-function-type -Wno-stringop-overflow, LAPACK_INFO=mkl, PERF_WITH_AVX=1, PERF_WITH_AVX2=1, PERF_WITH_AVX512=1, TORCH_DISABLE_GPU_ASSERTS=ON, TORCH_VERSION=2.0.0, USE_CUDA=ON, USE_CUDNN=ON, USE_EXCEPTION_PTR=1, USE_GFLAGS=OFF, USE_GLOG=OFF, USE_MKL=ON, USE_MKLDNN=ON, USE_MPI=OFF, USE_NCCL=1, USE_NNPACK=ON, USE_OPENMP=ON, USE_ROCM=OFF, 

    TorchVision: 0.15.1+cu118
    OpenCV: 4.10.0
    MMEngine: 0.8.4

Runtime environment:
    cudnn_benchmark: True
    mp_cfg: {'mp_start_method': 'fork', 'opencv_num_threads': 0}
    dist_cfg: {'backend': 'nccl'}
    seed: 231543048
    Distributed launcher: none
    Distributed training: False
    GPU number: 1
------------------------------------------------------------

05/28 15:14:14 - mmengine - INFO - Config:
data_root = '/data/JS/OVDG/data/mapillary'
dataset_type = 'Mapillary30Dataset'
default_hooks = dict(
    checkpoint=dict(by_epoch=False, interval=2000, type='CheckpointHook'),
    logger=dict(interval=50, log_metric_by_epoch=False, type='LoggerHook'),
    param_scheduler=dict(type='ParamSchedulerHook'),
    sampler_seed=dict(type='DistSamplerSeedHook'),
    timer=dict(type='IterTimerHook'),
    visualization=dict(interval=1, type='SegVisualizationHook'))
default_scope = 'mmseg'
env_cfg = dict(
    cudnn_benchmark=True,
    dist_cfg=dict(backend='nccl'),
    mp_cfg=dict(mp_start_method='fork', opencv_num_threads=0))
launcher = 'none'
load_from = None
log_level = 'INFO'
log_processor = dict(by_epoch=False)
model = dict(
    clip_path='ViT-B/16',
    cross_e=10,
    cross_s=3,
    name_path='./configs/cls_mapi_30.txt',
    pm='SOM',
    prob_thd=0.15,
    purify=True,
    res_cls=0.3,
    type='SFPForSegmentation')
resume = False
test_cfg = dict(type='TestLoop')
test_dataloader = dict(
    batch_size=1,
    dataset=dict(
        data_prefix=dict(img_path='OV_30/images', seg_map_path='OV_30/labels'),
        data_root='/data/JS/OVDG/data/mapillary',
        pipeline=[
            dict(type='LoadImageFromFile'),
            dict(keep_ratio=True, scale=(
                2048,
                560,
            ), type='Resize'),
            dict(type='LoadAnnotations'),
            dict(type='PackSegInputs'),
        ],
        type='Mapillary30Dataset'),
    num_workers=4,
    persistent_workers=True,
    sampler=dict(shuffle=False, type='DefaultSampler'))
test_evaluator = dict(
    iou_metrics=[
        'mIoU',
    ], type='IoUMetric')
test_pipeline = [
    dict(type='LoadImageFromFile'),
    dict(keep_ratio=True, scale=(
        2048,
        560,
    ), type='Resize'),
    dict(type='LoadAnnotations'),
    dict(type='PackSegInputs'),
]
vis_backends = [
    dict(type='LocalVisBackend'),
]
visualizer = dict(
    name='visualizer',
    type='SegLocalVisualizer',
    vis_backends=[
        dict(type='LocalVisBackend'),
    ])
work_dir = '/data/JS/MyGithub_Repos/SFP/SFP_ICCV/work_logs_tf_ovdg/20260528_150809/mapi30'

05/28 15:14:18 - mmengine - INFO - Distributed training is not used, all SyncBatchNorm (SyncBN) layers in the model will be automatically reverted to BatchNormXd layers if they are used.
05/28 15:14:18 - mmengine - INFO - Hooks will be executed in the following order:
before_run:
(VERY_HIGH   ) RuntimeInfoHook                    
(BELOW_NORMAL) LoggerHook                         
 -------------------- 
before_train:
(VERY_HIGH   ) RuntimeInfoHook                    
(NORMAL      ) IterTimerHook                      
(VERY_LOW    ) CheckpointHook                     
 -------------------- 
before_train_epoch:
(VERY_HIGH   ) RuntimeInfoHook                    
(NORMAL      ) IterTimerHook                      
(NORMAL      ) DistSamplerSeedHook                
 -------------------- 
before_train_iter:
(VERY_HIGH   ) RuntimeInfoHook                    
(NORMAL      ) IterTimerHook                      
 -------------------- 
after_train_iter:
(VERY_HIGH   ) RuntimeInfoHook                    
(NORMAL      ) IterTimerHook                      
(NORMAL      ) SegVisualizationHook               
(BELOW_NORMAL) LoggerHook                         
(LOW         ) ParamSchedulerHook                 
(VERY_LOW    ) CheckpointHook                     
 -------------------- 
after_train_epoch:
(NORMAL      ) IterTimerHook                      
(LOW         ) ParamSchedulerHook                 
(VERY_LOW    ) CheckpointHook                     
 -------------------- 
before_val:
(VERY_HIGH   ) RuntimeInfoHook                    
 -------------------- 
before_val_epoch:
(NORMAL      ) IterTimerHook                      
 -------------------- 
before_val_iter:
(NORMAL      ) IterTimerHook                      
 -------------------- 
after_val_iter:
(NORMAL      ) IterTimerHook                      
(NORMAL      ) SegVisualizationHook               
(BELOW_NORMAL) LoggerHook                         
 -------------------- 
after_val_epoch:
(VERY_HIGH   ) RuntimeInfoHook                    
(NORMAL      ) IterTimerHook                      
(BELOW_NORMAL) LoggerHook                         
(LOW         ) ParamSchedulerHook                 
(VERY_LOW    ) CheckpointHook                     
 -------------------- 
after_val:
(VERY_HIGH   ) RuntimeInfoHook                    
 -------------------- 
after_train:
(VERY_HIGH   ) RuntimeInfoHook                    
(VERY_LOW    ) CheckpointHook                     
 -------------------- 
before_test:
(VERY_HIGH   ) RuntimeInfoHook                    
 -------------------- 
before_test_epoch:
(NORMAL      ) IterTimerHook                      
 -------------------- 
before_test_iter:
(NORMAL      ) IterTimerHook                      
 -------------------- 
after_test_iter:
(NORMAL      ) IterTimerHook                      
(NORMAL      ) SegVisualizationHook               
(BELOW_NORMAL) LoggerHook                         
 -------------------- 
after_test_epoch:
(VERY_HIGH   ) RuntimeInfoHook                    
(NORMAL      ) IterTimerHook                      
(BELOW_NORMAL) LoggerHook                         
 -------------------- 
after_test:
(VERY_HIGH   ) RuntimeInfoHook                    
 -------------------- 
after_run:
(BELOW_NORMAL) LoggerHook                         
 -------------------- 
05/28 15:14:18 - mmengine - WARNING - The prefix is not set in metric class IoUMetric.
05/28 15:14:37 - mmengine - INFO - Iter(test) [  50/1943]    eta: 0:11:30  time: 0.3223  data_time: 0.0160  memory: 13964  
05/28 15:14:54 - mmengine - INFO - Iter(test) [ 100/1943]    eta: 0:10:47  time: 0.3470  data_time: 0.0163  memory: 13964  
05/28 15:15:12 - mmengine - INFO - Iter(test) [ 150/1943]    eta: 0:10:37  time: 0.3518  data_time: 0.0137  memory: 13964  
05/28 15:15:29 - mmengine - INFO - Iter(test) [ 200/1943]    eta: 0:10:13  time: 0.3231  data_time: 0.0140  memory: 13964  
05/28 15:15:48 - mmengine - INFO - Iter(test) [ 250/1943]    eta: 0:10:05  time: 0.3891  data_time: 0.0172  memory: 18005  
05/28 15:16:06 - mmengine - INFO - Iter(test) [ 300/1943]    eta: 0:09:47  time: 0.3905  data_time: 0.0140  memory: 13962  
05/28 15:16:24 - mmengine - INFO - Iter(test) [ 350/1943]    eta: 0:09:30  time: 0.3967  data_time: 0.0175  memory: 13962  
05/28 15:16:43 - mmengine - INFO - Iter(test) [ 400/1943]    eta: 0:09:18  time: 0.3849  data_time: 0.0138  memory: 18005  
05/28 15:17:01 - mmengine - INFO - Iter(test) [ 450/1943]    eta: 0:08:59  time: 0.3709  data_time: 0.0159  memory: 18005  
05/28 15:17:19 - mmengine - INFO - Iter(test) [ 500/1943]    eta: 0:08:41  time: 0.3556  data_time: 0.0171  memory: 17470  
05/28 15:17:37 - mmengine - INFO - Iter(test) [ 550/1943]    eta: 0:08:21  time: 0.3348  data_time: 0.0164  memory: 17470  
05/28 15:17:52 - mmengine - INFO - Iter(test) [ 600/1943]    eta: 0:07:58  time: 0.2985  data_time: 0.0118  memory: 18005  
05/28 15:18:09 - mmengine - INFO - Iter(test) [ 650/1943]    eta: 0:07:38  time: 0.3412  data_time: 0.0123  memory: 13962  
05/28 15:18:27 - mmengine - INFO - Iter(test) [ 700/1943]    eta: 0:07:20  time: 0.3581  data_time: 0.0130  memory: 13962  
05/28 15:18:45 - mmengine - INFO - Iter(test) [ 750/1943]    eta: 0:07:03  time: 0.3427  data_time: 0.0141  memory: 18005  
05/28 15:19:02 - mmengine - INFO - Iter(test) [ 800/1943]    eta: 0:06:44  time: 0.3525  data_time: 0.0131  memory: 18005  
05/28 15:19:19 - mmengine - INFO - Iter(test) [ 850/1943]    eta: 0:06:25  time: 0.3580  data_time: 0.0164  memory: 18005  
05/28 15:19:37 - mmengine - INFO - Iter(test) [ 900/1943]    eta: 0:06:09  time: 0.3396  data_time: 0.0142  memory: 20877  
05/28 15:19:54 - mmengine - INFO - Iter(test) [ 950/1943]    eta: 0:05:51  time: 0.3762  data_time: 0.0158  memory: 17470  
05/28 15:20:11 - mmengine - INFO - Iter(test) [1000/1943]    eta: 0:05:32  time: 0.4155  data_time: 0.0185  memory: 18005  
05/28 15:20:28 - mmengine - INFO - Iter(test) [1050/1943]    eta: 0:05:14  time: 0.3240  data_time: 0.0146  memory: 13962  
05/28 15:20:46 - mmengine - INFO - Iter(test) [1100/1943]    eta: 0:04:56  time: 0.3578  data_time: 0.0144  memory: 18005  
05/28 15:21:05 - mmengine - INFO - Iter(test) [1150/1943]    eta: 0:04:40  time: 0.3793  data_time: 0.0161  memory: 13962  
05/28 15:21:22 - mmengine - INFO - Iter(test) [1200/1943]    eta: 0:04:22  time: 0.3249  data_time: 0.0106  memory: 18005  
05/28 15:21:40 - mmengine - INFO - Iter(test) [1250/1943]    eta: 0:04:04  time: 0.3940  data_time: 0.0154  memory: 11445  
05/28 15:21:57 - mmengine - INFO - Iter(test) [1300/1943]    eta: 0:03:46  time: 0.3176  data_time: 0.0155  memory: 18005  
05/28 15:22:14 - mmengine - INFO - Iter(test) [1350/1943]    eta: 0:03:28  time: 0.3499  data_time: 0.0161  memory: 18005  
05/28 15:22:31 - mmengine - INFO - Iter(test) [1400/1943]    eta: 0:03:10  time: 0.3700  data_time: 0.0143  memory: 13962  
05/28 15:22:49 - mmengine - INFO - Iter(test) [1450/1943]    eta: 0:02:53  time: 0.3607  data_time: 0.0136  memory: 18005  
05/28 15:23:08 - mmengine - INFO - Iter(test) [1500/1943]    eta: 0:02:36  time: 0.3890  data_time: 0.0180  memory: 13962  
05/28 15:23:27 - mmengine - INFO - Iter(test) [1550/1943]    eta: 0:02:18  time: 0.3661  data_time: 0.0177  memory: 17470  
05/28 15:23:45 - mmengine - INFO - Iter(test) [1600/1943]    eta: 0:02:01  time: 0.3881  data_time: 0.0203  memory: 18005  
05/28 15:24:03 - mmengine - INFO - Iter(test) [1650/1943]    eta: 0:01:43  time: 0.3715  data_time: 0.0172  memory: 18005  
05/28 15:24:21 - mmengine - INFO - Iter(test) [1700/1943]    eta: 0:01:26  time: 0.3762  data_time: 0.0160  memory: 11445  
05/28 15:24:37 - mmengine - INFO - Iter(test) [1750/1943]    eta: 0:01:08  time: 0.3146  data_time: 0.0114  memory: 13962  
05/28 15:24:55 - mmengine - INFO - Iter(test) [1800/1943]    eta: 0:00:50  time: 0.3057  data_time: 0.0129  memory: 13962  
05/28 15:25:12 - mmengine - INFO - Iter(test) [1850/1943]    eta: 0:00:32  time: 0.3178  data_time: 0.0126  memory: 13962  
05/28 15:25:28 - mmengine - INFO - Iter(test) [1900/1943]    eta: 0:00:15  time: 0.3190  data_time: 0.0136  memory: 18005  
05/28 15:25:42 - mmengine - INFO - per class results:
05/28 15:25:42 - mmengine - INFO - 
+---------------+-------+-------+
|     Class     |  IoU  |  Acc  |
+---------------+-------+-------+
|      road     | 42.98 | 82.14 |
|    sidewalk   | 47.13 | 68.87 |
|    building   | 48.17 | 50.08 |
|      wall     | 15.86 | 50.29 |
|     bridge    | 25.48 | 41.78 |
|     tunnel    | 33.73 | 36.23 |
|  traffic sign | 34.73 | 42.97 |
| traffic light | 29.45 | 69.26 |
|      pole     | 18.88 | 34.38 |
|     fence     | 15.32 | 16.62 |
|      sky      | 79.86 | 80.22 |
|   vegetation  | 76.97 | 84.01 |
|    terrain    | 36.29 | 47.26 |
|     water     | 60.46 | 64.08 |
|      snow     | 60.39 | 76.18 |
|      sand     | 22.59 | 29.61 |
|     person    | 20.09 | 23.59 |
|     rider     |  1.61 |  1.62 |
|      car      | 68.69 | 80.46 |
|     truck     | 27.54 | 63.01 |
|      bus      | 44.84 | 75.63 |
|     train     | 23.71 | 25.16 |
|    bicycle    | 45.15 |  75.6 |
|   motorcycle  | 52.75 | 71.69 |
|     animal    | 34.79 | 49.77 |
|   signboard   |  3.57 |  3.64 |
|    railway    | 10.35 | 10.63 |
|      boat     | 33.43 | 66.25 |
|     chair     | 15.93 | 17.38 |
|   trash can   | 41.46 | 47.71 |
+---------------+-------+-------+
05/28 15:25:42 - mmengine - INFO - Iter(test) [1943/1943]    aAcc: 69.9600  mIoU: 35.7400  mAcc: 49.5400  data_time: 0.0153  time: 0.3515
