2026/05/28 15:33:29 - mmengine - INFO - 
------------------------------------------------------------
System environment:
    sys.platform: linux
    Python: 3.9.23 (main, Jun  5 2025, 13:40:20) [GCC 11.2.0]
    CUDA available: True
    numpy_random_seed: 2027377280
    GPU 0: NVIDIA GeForce RTX 4090
    CUDA_HOME: /usr/local/cuda
    NVCC: Cuda compilation tools, release 12.1, V12.1.105
    GCC: gcc (Ubuntu 9.4.0-1ubuntu1~20.04.2) 9.4.0
    PyTorch: 2.0.0+cu118
    PyTorch compiling details: PyTorch built with:
  - GCC 9.3
  - C++ Version: 201703
  - Intel(R) oneAPI Math Kernel Library Version 2022.2-Product Build 20220804 for Intel(R) 64 architecture applications
  - Intel(R) MKL-DNN v2.7.3 (Git Hash 6dbeffbae1f23cbbeae17adb7b5b13f1f37c080e)
  - OpenMP 201511 (a.k.a. OpenMP 4.5)
  - LAPACK is enabled (usually provided by MKL)
  - NNPACK is enabled
  - CPU capability usage: AVX2
  - CUDA Runtime 11.8
  - NVCC architecture flags: -gencode;arch=compute_37,code=sm_37;-gencode;arch=compute_50,code=sm_50;-gencode;arch=compute_60,code=sm_60;-gencode;arch=compute_70,code=sm_70;-gencode;arch=compute_75,code=sm_75;-gencode;arch=compute_80,code=sm_80;-gencode;arch=compute_86,code=sm_86;-gencode;arch=compute_90,code=sm_90
  - CuDNN 8.7
  - Magma 2.6.1
  - Build settings: BLAS_INFO=mkl, BUILD_TYPE=Release, CUDA_VERSION=11.8, CUDNN_VERSION=8.7.0, CXX_COMPILER=/opt/rh/devtoolset-9/root/usr/bin/c++, CXX_FLAGS= -D_GLIBCXX_USE_CXX11_ABI=0 -fabi-version=11 -Wno-deprecated -fvisibility-inlines-hidden -DUSE_PTHREADPOOL -DNDEBUG -DUSE_KINETO -DLIBKINETO_NOROCTRACER -DUSE_FBGEMM -DUSE_QNNPACK -DUSE_PYTORCH_QNNPACK -DUSE_XNNPACK -DSYMBOLICATE_MOBILE_DEBUG_HANDLE -O2 -fPIC -Wall -Wextra -Werror=return-type -Werror=non-virtual-dtor -Werror=bool-operation -Wnarrowing -Wno-missing-field-initializers -Wno-type-limits -Wno-array-bounds -Wno-unknown-pragmas -Wunused-local-typedefs -Wno-unused-parameter -Wno-unused-function -Wno-unused-result -Wno-strict-overflow -Wno-strict-aliasing -Wno-error=deprecated-declarations -Wno-stringop-overflow -Wno-psabi -Wno-error=pedantic -Wno-error=redundant-decls -Wno-error=old-style-cast -fdiagnostics-color=always -faligned-new -Wno-unused-but-set-variable -Wno-maybe-uninitialized -fno-math-errno -fno-trapping-math -Werror=format -Werror=cast-function-type -Wno-stringop-overflow, LAPACK_INFO=mkl, PERF_WITH_AVX=1, PERF_WITH_AVX2=1, PERF_WITH_AVX512=1, TORCH_DISABLE_GPU_ASSERTS=ON, TORCH_VERSION=2.0.0, USE_CUDA=ON, USE_CUDNN=ON, USE_EXCEPTION_PTR=1, USE_GFLAGS=OFF, USE_GLOG=OFF, USE_MKL=ON, USE_MKLDNN=ON, USE_MPI=OFF, USE_NCCL=1, USE_NNPACK=ON, USE_OPENMP=ON, USE_ROCM=OFF, 

    TorchVision: 0.15.1+cu118
    OpenCV: 4.10.0
    MMEngine: 0.8.4

Runtime environment:
    cudnn_benchmark: True
    mp_cfg: {'mp_start_method': 'fork', 'opencv_num_threads': 0}
    dist_cfg: {'backend': 'nccl'}
    seed: 2027377280
    Distributed launcher: none
    Distributed training: False
    GPU number: 1
------------------------------------------------------------

2026/05/28 15:33:29 - mmengine - INFO - Config:
data_root = '/data/JS/OVDG/data/BDD'
dataset_type = 'BDD100KInpaint41Dataset'
default_hooks = dict(
    checkpoint=dict(by_epoch=False, interval=2000, type='CheckpointHook'),
    logger=dict(interval=50, log_metric_by_epoch=False, type='LoggerHook'),
    param_scheduler=dict(type='ParamSchedulerHook'),
    sampler_seed=dict(type='DistSamplerSeedHook'),
    timer=dict(type='IterTimerHook'),
    visualization=dict(interval=1, type='SegVisualizationHook'))
default_scope = 'mmseg'
env_cfg = dict(
    cudnn_benchmark=True,
    dist_cfg=dict(backend='nccl'),
    mp_cfg=dict(mp_start_method='fork', opencv_num_threads=0))
launcher = 'none'
load_from = None
log_level = 'INFO'
log_processor = dict(by_epoch=False)
model = dict(
    clip_path='ViT-B/16',
    cross_e=10,
    cross_s=3,
    name_path='./configs/cls_inpaint41_original_name.txt',
    pm='SOM',
    prob_thd=0.15,
    purify=True,
    res_cls=0.3,
    type='SFPForSegmentation')
resume = False
test_cfg = dict(type='TestLoop')
test_dataloader = dict(
    batch_size=1,
    dataset=dict(
        data_prefix=dict(
            img_path='bdd_inpaint41/images',
            seg_map_path='bdd_inpaint41/labels'),
        data_root='/data/JS/OVDG/data/BDD',
        pipeline=[
            dict(type='LoadImageFromFile'),
            dict(keep_ratio=True, scale=(
                2048,
                560,
            ), type='Resize'),
            dict(type='LoadAnnotations'),
            dict(type='PackSegInputs'),
        ],
        type='BDD100KInpaint41Dataset'),
    num_workers=4,
    persistent_workers=True,
    sampler=dict(shuffle=False, type='DefaultSampler'))
test_evaluator = dict(
    iou_metrics=[
        'mIoU',
    ], type='IoUMetric')
test_pipeline = [
    dict(type='LoadImageFromFile'),
    dict(keep_ratio=True, scale=(
        2048,
        560,
    ), type='Resize'),
    dict(type='LoadAnnotations'),
    dict(type='PackSegInputs'),
]
vis_backends = [
    dict(type='LocalVisBackend'),
]
visualizer = dict(
    name='visualizer',
    type='SegLocalVisualizer',
    vis_backends=[
        dict(type='LocalVisBackend'),
    ])
work_dir = '/data/JS/MyGithub_Repos/SFP/SFP_ICCV/work_logs_tf_ovdg_original/20260528_153324/bdd41_orig'

2026/05/28 15:33:33 - mmengine - INFO - Distributed training is not used, all SyncBatchNorm (SyncBN) layers in the model will be automatically reverted to BatchNormXd layers if they are used.
2026/05/28 15:33:33 - mmengine - INFO - Hooks will be executed in the following order:
before_run:
(VERY_HIGH   ) RuntimeInfoHook                    
(BELOW_NORMAL) LoggerHook                         
 -------------------- 
before_train:
(VERY_HIGH   ) RuntimeInfoHook                    
(NORMAL      ) IterTimerHook                      
(VERY_LOW    ) CheckpointHook                     
 -------------------- 
before_train_epoch:
(VERY_HIGH   ) RuntimeInfoHook                    
(NORMAL      ) IterTimerHook                      
(NORMAL      ) DistSamplerSeedHook                
 -------------------- 
before_train_iter:
(VERY_HIGH   ) RuntimeInfoHook                    
(NORMAL      ) IterTimerHook                      
 -------------------- 
after_train_iter:
(VERY_HIGH   ) RuntimeInfoHook                    
(NORMAL      ) IterTimerHook                      
(NORMAL      ) SegVisualizationHook               
(BELOW_NORMAL) LoggerHook                         
(LOW         ) ParamSchedulerHook                 
(VERY_LOW    ) CheckpointHook                     
 -------------------- 
after_train_epoch:
(NORMAL      ) IterTimerHook                      
(LOW         ) ParamSchedulerHook                 
(VERY_LOW    ) CheckpointHook                     
 -------------------- 
before_val:
(VERY_HIGH   ) RuntimeInfoHook                    
 -------------------- 
before_val_epoch:
(NORMAL      ) IterTimerHook                      
 -------------------- 
before_val_iter:
(NORMAL      ) IterTimerHook                      
 -------------------- 
after_val_iter:
(NORMAL      ) IterTimerHook                      
(NORMAL      ) SegVisualizationHook               
(BELOW_NORMAL) LoggerHook                         
 -------------------- 
after_val_epoch:
(VERY_HIGH   ) RuntimeInfoHook                    
(NORMAL      ) IterTimerHook                      
(BELOW_NORMAL) LoggerHook                         
(LOW         ) ParamSchedulerHook                 
(VERY_LOW    ) CheckpointHook                     
 -------------------- 
after_val:
(VERY_HIGH   ) RuntimeInfoHook                    
 -------------------- 
after_train:
(VERY_HIGH   ) RuntimeInfoHook                    
(VERY_LOW    ) CheckpointHook                     
 -------------------- 
before_test:
(VERY_HIGH   ) RuntimeInfoHook                    
 -------------------- 
before_test_epoch:
(NORMAL      ) IterTimerHook                      
 -------------------- 
before_test_iter:
(NORMAL      ) IterTimerHook                      
 -------------------- 
after_test_iter:
(NORMAL      ) IterTimerHook                      
(NORMAL      ) SegVisualizationHook               
(BELOW_NORMAL) LoggerHook                         
 -------------------- 
after_test_epoch:
(VERY_HIGH   ) RuntimeInfoHook                    
(NORMAL      ) IterTimerHook                      
(BELOW_NORMAL) LoggerHook                         
 -------------------- 
after_test:
(VERY_HIGH   ) RuntimeInfoHook                    
 -------------------- 
after_run:
(BELOW_NORMAL) LoggerHook                         
 -------------------- 
2026/05/28 15:33:34 - mmengine - WARNING - The prefix is not set in metric class IoUMetric.
2026/05/28 15:33:51 - mmengine - INFO - Iter(test) [  50/1000]    eta: 0:05:29  time: 0.3724  data_time: 0.0044  memory: 807  
2026/05/28 15:34:07 - mmengine - INFO - Iter(test) [ 100/1000]    eta: 0:04:54  time: 0.3385  data_time: 0.0036  memory: 807  
2026/05/28 15:34:23 - mmengine - INFO - Iter(test) [ 150/1000]    eta: 0:04:37  time: 0.3552  data_time: 0.0033  memory: 807  
2026/05/28 15:34:39 - mmengine - INFO - Iter(test) [ 200/1000]    eta: 0:04:19  time: 0.3188  data_time: 0.0033  memory: 807  
2026/05/28 15:34:55 - mmengine - INFO - Iter(test) [ 250/1000]    eta: 0:04:05  time: 0.3097  data_time: 0.0031  memory: 807  
2026/05/28 15:35:11 - mmengine - INFO - Iter(test) [ 300/1000]    eta: 0:03:47  time: 0.3067  data_time: 0.0030  memory: 807  
2026/05/28 15:35:28 - mmengine - INFO - Iter(test) [ 350/1000]    eta: 0:03:32  time: 0.3282  data_time: 0.0030  memory: 807  
2026/05/28 15:35:45 - mmengine - INFO - Iter(test) [ 400/1000]    eta: 0:03:16  time: 0.3208  data_time: 0.0033  memory: 807  
2026/05/28 15:36:01 - mmengine - INFO - Iter(test) [ 450/1000]    eta: 0:03:00  time: 0.3139  data_time: 0.0030  memory: 807  
2026/05/28 15:36:17 - mmengine - INFO - Iter(test) [ 500/1000]    eta: 0:02:42  time: 0.3072  data_time: 0.0030  memory: 807  
2026/05/28 15:36:33 - mmengine - INFO - Iter(test) [ 550/1000]    eta: 0:02:26  time: 0.3308  data_time: 0.0030  memory: 807  
2026/05/28 15:36:49 - mmengine - INFO - Iter(test) [ 600/1000]    eta: 0:02:10  time: 0.3045  data_time: 0.0029  memory: 807  
2026/05/28 15:37:05 - mmengine - INFO - Iter(test) [ 650/1000]    eta: 0:01:53  time: 0.3151  data_time: 0.0029  memory: 807  
2026/05/28 15:37:21 - mmengine - INFO - Iter(test) [ 700/1000]    eta: 0:01:37  time: 0.3152  data_time: 0.0032  memory: 807  
2026/05/28 15:37:37 - mmengine - INFO - Iter(test) [ 750/1000]    eta: 0:01:20  time: 0.3105  data_time: 0.0029  memory: 807  
2026/05/28 15:37:52 - mmengine - INFO - Iter(test) [ 800/1000]    eta: 0:01:04  time: 0.3045  data_time: 0.0029  memory: 807  
2026/05/28 15:38:07 - mmengine - INFO - Iter(test) [ 850/1000]    eta: 0:00:48  time: 0.2972  data_time: 0.0028  memory: 807  
2026/05/28 15:38:22 - mmengine - INFO - Iter(test) [ 900/1000]    eta: 0:00:31  time: 0.3008  data_time: 0.0029  memory: 807  
2026/05/28 15:38:36 - mmengine - INFO - Iter(test) [ 950/1000]    eta: 0:00:15  time: 0.3008  data_time: 0.0029  memory: 807  
2026/05/28 15:38:51 - mmengine - INFO - Iter(test) [1000/1000]    eta: 0:00:00  time: 0.2994  data_time: 0.0028  memory: 807  
2026/05/28 15:38:51 - mmengine - INFO - per class results:
2026/05/28 15:38:51 - mmengine - INFO - 
+---------------+-------+-------+
|     Class     |  IoU  |  Acc  |
+---------------+-------+-------+
|      road     | 61.52 | 85.36 |
|    sidewalk   |  25.1 | 57.76 |
|    building   | 56.38 | 60.44 |
|      wall     | 11.86 | 55.98 |
|     fence     | 23.09 | 34.98 |
|      pole     | 11.85 | 41.54 |
| traffic light | 17.79 | 76.14 |
|  traffic sign | 30.39 | 43.97 |
|   vegetation  | 66.71 | 72.98 |
|    terrain    |  1.68 |  1.83 |
|      sky      | 73.02 | 73.53 |
|     person    | 11.56 | 12.46 |
|     rider     |  17.7 | 20.35 |
|      car      | 62.11 | 79.83 |
|     truck     | 31.13 | 61.01 |
|      bus      |  60.4 |  71.3 |
|     train     |  5.47 |  8.2  |
|   motorcycle  | 55.61 | 79.28 |
|    bicycle    | 28.53 | 65.99 |
|      bag      | 69.34 | 78.43 |
|      ball     | 68.22 | 94.49 |
|     barrel    | 74.58 | 96.13 |
|     bench     | 49.19 | 58.77 |
|      bird     | 65.62 | 85.33 |
|     bottle    | 58.58 | 70.94 |
|      cart     | 62.34 | 82.52 |
|      cat      | 56.37 | 74.64 |
|     chair     | 55.15 | 82.77 |
|      cow      | 69.19 | 92.32 |
|      deer     | 49.28 | 83.11 |
|      dog      | 62.53 |  89.6 |
|     drone     |  50.3 | 86.29 |
|    elephant   | 68.48 | 89.14 |
|      hat      | 74.49 | 93.84 |
|     horse     | 67.51 | 92.58 |
|     robot     | 69.95 | 92.02 |
|     sheep     | 71.41 | 96.97 |
|     table     | 38.51 | 78.69 |
|      toy      | 44.79 |  48.4 |
|    umbrella   |  52.4 | 96.43 |
|     zebra     | 49.14 |  85.2 |
+---------------+-------+-------+
2026/05/28 15:38:51 - mmengine - INFO - Iter(test) [1000/1000]    aAcc: 73.2700  mIoU: 48.2800  mAcc: 69.5500  data_time: 0.0033  time: 0.3175
