2026/05/28 15:39:24 - mmengine - INFO - 
------------------------------------------------------------
System environment:
    sys.platform: linux
    Python: 3.9.23 (main, Jun  5 2025, 13:40:20) [GCC 11.2.0]
    CUDA available: True
    numpy_random_seed: 1342520621
    GPU 0: NVIDIA GeForce RTX 4090
    CUDA_HOME: /usr/local/cuda
    NVCC: Cuda compilation tools, release 12.1, V12.1.105
    GCC: gcc (Ubuntu 9.4.0-1ubuntu1~20.04.2) 9.4.0
    PyTorch: 2.0.0+cu118
    PyTorch compiling details: PyTorch built with:
  - GCC 9.3
  - C++ Version: 201703
  - Intel(R) oneAPI Math Kernel Library Version 2022.2-Product Build 20220804 for Intel(R) 64 architecture applications
  - Intel(R) MKL-DNN v2.7.3 (Git Hash 6dbeffbae1f23cbbeae17adb7b5b13f1f37c080e)
  - OpenMP 201511 (a.k.a. OpenMP 4.5)
  - LAPACK is enabled (usually provided by MKL)
  - NNPACK is enabled
  - CPU capability usage: AVX2
  - CUDA Runtime 11.8
  - NVCC architecture flags: -gencode;arch=compute_37,code=sm_37;-gencode;arch=compute_50,code=sm_50;-gencode;arch=compute_60,code=sm_60;-gencode;arch=compute_70,code=sm_70;-gencode;arch=compute_75,code=sm_75;-gencode;arch=compute_80,code=sm_80;-gencode;arch=compute_86,code=sm_86;-gencode;arch=compute_90,code=sm_90
  - CuDNN 8.7
  - Magma 2.6.1
  - Build settings: BLAS_INFO=mkl, BUILD_TYPE=Release, CUDA_VERSION=11.8, CUDNN_VERSION=8.7.0, CXX_COMPILER=/opt/rh/devtoolset-9/root/usr/bin/c++, CXX_FLAGS= -D_GLIBCXX_USE_CXX11_ABI=0 -fabi-version=11 -Wno-deprecated -fvisibility-inlines-hidden -DUSE_PTHREADPOOL -DNDEBUG -DUSE_KINETO -DLIBKINETO_NOROCTRACER -DUSE_FBGEMM -DUSE_QNNPACK -DUSE_PYTORCH_QNNPACK -DUSE_XNNPACK -DSYMBOLICATE_MOBILE_DEBUG_HANDLE -O2 -fPIC -Wall -Wextra -Werror=return-type -Werror=non-virtual-dtor -Werror=bool-operation -Wnarrowing -Wno-missing-field-initializers -Wno-type-limits -Wno-array-bounds -Wno-unknown-pragmas -Wunused-local-typedefs -Wno-unused-parameter -Wno-unused-function -Wno-unused-result -Wno-strict-overflow -Wno-strict-aliasing -Wno-error=deprecated-declarations -Wno-stringop-overflow -Wno-psabi -Wno-error=pedantic -Wno-error=redundant-decls -Wno-error=old-style-cast -fdiagnostics-color=always -faligned-new -Wno-unused-but-set-variable -Wno-maybe-uninitialized -fno-math-errno -fno-trapping-math -Werror=format -Werror=cast-function-type -Wno-stringop-overflow, LAPACK_INFO=mkl, PERF_WITH_AVX=1, PERF_WITH_AVX2=1, PERF_WITH_AVX512=1, TORCH_DISABLE_GPU_ASSERTS=ON, TORCH_VERSION=2.0.0, USE_CUDA=ON, USE_CUDNN=ON, USE_EXCEPTION_PTR=1, USE_GFLAGS=OFF, USE_GLOG=OFF, USE_MKL=ON, USE_MKLDNN=ON, USE_MPI=OFF, USE_NCCL=1, USE_NNPACK=ON, USE_OPENMP=ON, USE_ROCM=OFF, 

    TorchVision: 0.15.1+cu118
    OpenCV: 4.10.0
    MMEngine: 0.8.4

Runtime environment:
    cudnn_benchmark: True
    mp_cfg: {'mp_start_method': 'fork', 'opencv_num_threads': 0}
    dist_cfg: {'backend': 'nccl'}
    seed: 1342520621
    Distributed launcher: none
    Distributed training: False
    GPU number: 1
------------------------------------------------------------

2026/05/28 15:39:24 - mmengine - INFO - Config:
data_root = '/data/JS/OVDG/data/ROADWork_Data'
dataset_type = 'Roadwork10Dataset'
default_hooks = dict(
    checkpoint=dict(by_epoch=False, interval=2000, type='CheckpointHook'),
    logger=dict(interval=50, log_metric_by_epoch=False, type='LoggerHook'),
    param_scheduler=dict(type='ParamSchedulerHook'),
    sampler_seed=dict(type='DistSamplerSeedHook'),
    timer=dict(type='IterTimerHook'),
    visualization=dict(interval=1, type='SegVisualizationHook'))
default_scope = 'mmseg'
env_cfg = dict(
    cudnn_benchmark=True,
    dist_cfg=dict(backend='nccl'),
    mp_cfg=dict(mp_start_method='fork', opencv_num_threads=0))
launcher = 'none'
load_from = None
log_level = 'INFO'
log_processor = dict(by_epoch=False)
model = dict(
    clip_path='ViT-B/16',
    cross_e=10,
    cross_s=3,
    name_path='./configs/cls_roadwork_10_original_name.txt',
    pm='SOM',
    prob_thd=0.15,
    purify=True,
    res_cls=0.3,
    type='SFPForSegmentation')
resume = False
test_cfg = dict(type='TestLoop')
test_dataloader = dict(
    batch_size=1,
    dataset=dict(
        data_prefix=dict(img_path='images', seg_map_path='gtFine_10/val'),
        data_root='/data/JS/OVDG/data/ROADWork_Data',
        pipeline=[
            dict(type='LoadImageFromFile'),
            dict(keep_ratio=True, scale=(
                2048,
                560,
            ), type='Resize'),
            dict(type='LoadAnnotations'),
            dict(type='PackSegInputs'),
        ],
        type='Roadwork10Dataset'),
    num_workers=4,
    persistent_workers=True,
    sampler=dict(shuffle=False, type='DefaultSampler'))
test_evaluator = dict(
    iou_metrics=[
        'mIoU',
    ], type='IoUMetric')
test_pipeline = [
    dict(type='LoadImageFromFile'),
    dict(keep_ratio=True, scale=(
        2048,
        560,
    ), type='Resize'),
    dict(type='LoadAnnotations'),
    dict(type='PackSegInputs'),
]
vis_backends = [
    dict(type='LocalVisBackend'),
]
visualizer = dict(
    name='visualizer',
    type='SegLocalVisualizer',
    vis_backends=[
        dict(type='LocalVisBackend'),
    ])
work_dir = '/data/JS/MyGithub_Repos/SFP/SFP_ICCV/work_logs_tf_ovdg_original/20260528_153324/roadwork10_orig'

2026/05/28 15:39:28 - mmengine - INFO - Distributed training is not used, all SyncBatchNorm (SyncBN) layers in the model will be automatically reverted to BatchNormXd layers if they are used.
2026/05/28 15:39:28 - mmengine - INFO - Hooks will be executed in the following order:
before_run:
(VERY_HIGH   ) RuntimeInfoHook                    
(BELOW_NORMAL) LoggerHook                         
 -------------------- 
before_train:
(VERY_HIGH   ) RuntimeInfoHook                    
(NORMAL      ) IterTimerHook                      
(VERY_LOW    ) CheckpointHook                     
 -------------------- 
before_train_epoch:
(VERY_HIGH   ) RuntimeInfoHook                    
(NORMAL      ) IterTimerHook                      
(NORMAL      ) DistSamplerSeedHook                
 -------------------- 
before_train_iter:
(VERY_HIGH   ) RuntimeInfoHook                    
(NORMAL      ) IterTimerHook                      
 -------------------- 
after_train_iter:
(VERY_HIGH   ) RuntimeInfoHook                    
(NORMAL      ) IterTimerHook                      
(NORMAL      ) SegVisualizationHook               
(BELOW_NORMAL) LoggerHook                         
(LOW         ) ParamSchedulerHook                 
(VERY_LOW    ) CheckpointHook                     
 -------------------- 
after_train_epoch:
(NORMAL      ) IterTimerHook                      
(LOW         ) ParamSchedulerHook                 
(VERY_LOW    ) CheckpointHook                     
 -------------------- 
before_val:
(VERY_HIGH   ) RuntimeInfoHook                    
 -------------------- 
before_val_epoch:
(NORMAL      ) IterTimerHook                      
 -------------------- 
before_val_iter:
(NORMAL      ) IterTimerHook                      
 -------------------- 
after_val_iter:
(NORMAL      ) IterTimerHook                      
(NORMAL      ) SegVisualizationHook               
(BELOW_NORMAL) LoggerHook                         
 -------------------- 
after_val_epoch:
(VERY_HIGH   ) RuntimeInfoHook                    
(NORMAL      ) IterTimerHook                      
(BELOW_NORMAL) LoggerHook                         
(LOW         ) ParamSchedulerHook                 
(VERY_LOW    ) CheckpointHook                     
 -------------------- 
after_val:
(VERY_HIGH   ) RuntimeInfoHook                    
 -------------------- 
after_train:
(VERY_HIGH   ) RuntimeInfoHook                    
(VERY_LOW    ) CheckpointHook                     
 -------------------- 
before_test:
(VERY_HIGH   ) RuntimeInfoHook                    
 -------------------- 
before_test_epoch:
(NORMAL      ) IterTimerHook                      
 -------------------- 
before_test_iter:
(NORMAL      ) IterTimerHook                      
 -------------------- 
after_test_iter:
(NORMAL      ) IterTimerHook                      
(NORMAL      ) SegVisualizationHook               
(BELOW_NORMAL) LoggerHook                         
 -------------------- 
after_test_epoch:
(VERY_HIGH   ) RuntimeInfoHook                    
(NORMAL      ) IterTimerHook                      
(BELOW_NORMAL) LoggerHook                         
 -------------------- 
after_test:
(VERY_HIGH   ) RuntimeInfoHook                    
 -------------------- 
after_run:
(BELOW_NORMAL) LoggerHook                         
 -------------------- 
2026/05/28 15:39:28 - mmengine - WARNING - The prefix is not set in metric class IoUMetric.
2026/05/28 15:39:45 - mmengine - INFO - Iter(test) [  50/2098]    eta: 0:11:40  time: 0.3197  data_time: 0.0045  memory: 635  
2026/05/28 15:40:02 - mmengine - INFO - Iter(test) [ 100/2098]    eta: 0:11:21  time: 0.3385  data_time: 0.0050  memory: 635  
2026/05/28 15:40:19 - mmengine - INFO - Iter(test) [ 150/2098]    eta: 0:11:09  time: 0.3285  data_time: 0.0044  memory: 635  
2026/05/28 15:40:37 - mmengine - INFO - Iter(test) [ 200/2098]    eta: 0:10:51  time: 0.3516  data_time: 0.0050  memory: 635  
2026/05/28 15:40:54 - mmengine - INFO - Iter(test) [ 250/2098]    eta: 0:10:35  time: 0.3310  data_time: 0.0046  memory: 635  
2026/05/28 15:41:11 - mmengine - INFO - Iter(test) [ 300/2098]    eta: 0:10:16  time: 0.3300  data_time: 0.0043  memory: 635  
2026/05/28 15:41:28 - mmengine - INFO - Iter(test) [ 350/2098]    eta: 0:10:01  time: 0.3316  data_time: 0.0043  memory: 635  
2026/05/28 15:41:46 - mmengine - INFO - Iter(test) [ 400/2098]    eta: 0:09:44  time: 0.3532  data_time: 0.0046  memory: 635  
2026/05/28 15:42:03 - mmengine - INFO - Iter(test) [ 450/2098]    eta: 0:09:26  time: 0.3727  data_time: 0.0052  memory: 635  
2026/05/28 15:42:20 - mmengine - INFO - Iter(test) [ 500/2098]    eta: 0:09:09  time: 0.3831  data_time: 0.0052  memory: 635  
2026/05/28 15:42:37 - mmengine - INFO - Iter(test) [ 550/2098]    eta: 0:08:53  time: 0.3704  data_time: 0.0048  memory: 635  
2026/05/28 15:42:55 - mmengine - INFO - Iter(test) [ 600/2098]    eta: 0:08:35  time: 0.3304  data_time: 0.0044  memory: 635  
2026/05/28 15:43:12 - mmengine - INFO - Iter(test) [ 650/2098]    eta: 0:08:19  time: 0.3198  data_time: 0.0042  memory: 635  
2026/05/28 15:43:30 - mmengine - INFO - Iter(test) [ 700/2098]    eta: 0:08:03  time: 0.3795  data_time: 0.0054  memory: 635  
2026/05/28 15:43:48 - mmengine - INFO - Iter(test) [ 750/2098]    eta: 0:07:46  time: 0.3854  data_time: 0.0060  memory: 635  
2026/05/28 15:44:04 - mmengine - INFO - Iter(test) [ 800/2098]    eta: 0:07:27  time: 0.3170  data_time: 0.0041  memory: 635  
2026/05/28 15:44:20 - mmengine - INFO - Iter(test) [ 850/2098]    eta: 0:07:08  time: 0.3173  data_time: 0.0043  memory: 635  
2026/05/28 15:44:37 - mmengine - INFO - Iter(test) [ 900/2098]    eta: 0:06:50  time: 0.3181  data_time: 0.0043  memory: 635  
2026/05/28 15:44:53 - mmengine - INFO - Iter(test) [ 950/2098]    eta: 0:06:32  time: 0.3296  data_time: 0.0047  memory: 635  
2026/05/28 15:45:10 - mmengine - INFO - Iter(test) [1000/2098]    eta: 0:06:15  time: 0.3663  data_time: 0.0049  memory: 635  
2026/05/28 15:45:27 - mmengine - INFO - Iter(test) [1050/2098]    eta: 0:05:58  time: 0.3181  data_time: 0.0043  memory: 635  
2026/05/28 15:45:43 - mmengine - INFO - Iter(test) [1100/2098]    eta: 0:05:40  time: 0.3250  data_time: 0.0044  memory: 635  
2026/05/28 15:46:00 - mmengine - INFO - Iter(test) [1150/2098]    eta: 0:05:22  time: 0.3213  data_time: 0.0043  memory: 635  
2026/05/28 15:46:17 - mmengine - INFO - Iter(test) [1200/2098]    eta: 0:05:06  time: 0.3605  data_time: 0.0054  memory: 635  
2026/05/28 15:46:34 - mmengine - INFO - Iter(test) [1250/2098]    eta: 0:04:49  time: 0.3554  data_time: 0.0047  memory: 635  
2026/05/28 15:46:51 - mmengine - INFO - Iter(test) [1300/2098]    eta: 0:04:32  time: 0.3542  data_time: 0.0051  memory: 635  
2026/05/28 15:47:07 - mmengine - INFO - Iter(test) [1350/2098]    eta: 0:04:14  time: 0.3627  data_time: 0.0049  memory: 635  
2026/05/28 15:47:25 - mmengine - INFO - Iter(test) [1400/2098]    eta: 0:03:57  time: 0.3334  data_time: 0.0044  memory: 635  
2026/05/28 15:47:42 - mmengine - INFO - Iter(test) [1450/2098]    eta: 0:03:40  time: 0.3803  data_time: 0.0051  memory: 635  
2026/05/28 15:47:59 - mmengine - INFO - Iter(test) [1500/2098]    eta: 0:03:23  time: 0.3253  data_time: 0.0042  memory: 635  
2026/05/28 15:48:15 - mmengine - INFO - Iter(test) [1550/2098]    eta: 0:03:06  time: 0.3130  data_time: 0.0041  memory: 635  
2026/05/28 15:48:32 - mmengine - INFO - Iter(test) [1600/2098]    eta: 0:02:49  time: 0.3542  data_time: 0.0049  memory: 635  
2026/05/28 15:48:50 - mmengine - INFO - Iter(test) [1650/2098]    eta: 0:02:32  time: 0.4380  data_time: 0.0058  memory: 635  
2026/05/28 15:49:08 - mmengine - INFO - Iter(test) [1700/2098]    eta: 0:02:15  time: 0.3498  data_time: 0.0050  memory: 635  
2026/05/28 15:49:25 - mmengine - INFO - Iter(test) [1750/2098]    eta: 0:01:58  time: 0.3911  data_time: 0.0053  memory: 635  
2026/05/28 15:49:41 - mmengine - INFO - Iter(test) [1800/2098]    eta: 0:01:41  time: 0.3053  data_time: 0.0041  memory: 635  
2026/05/28 15:49:58 - mmengine - INFO - Iter(test) [1850/2098]    eta: 0:01:24  time: 0.3799  data_time: 0.0051  memory: 635  
2026/05/28 15:50:14 - mmengine - INFO - Iter(test) [1900/2098]    eta: 0:01:07  time: 0.3499  data_time: 0.0053  memory: 635  
2026/05/28 15:50:31 - mmengine - INFO - Iter(test) [1950/2098]    eta: 0:00:50  time: 0.3116  data_time: 0.0042  memory: 635  
2026/05/28 15:50:47 - mmengine - INFO - Iter(test) [2000/2098]    eta: 0:00:33  time: 0.3094  data_time: 0.0041  memory: 635  
2026/05/28 15:51:04 - mmengine - INFO - Iter(test) [2050/2098]    eta: 0:00:16  time: 0.3598  data_time: 0.0047  memory: 635  
2026/05/28 15:51:21 - mmengine - INFO - per class results:
2026/05/28 15:51:21 - mmengine - INFO - 
+----------------+-------+-------+
|     Class      |  IoU  |  Acc  |
+----------------+-------+-------+
|      road      | 74.84 |  77.4 |
|    sidewalk    | 36.82 | 64.22 |
|    barrier     | 58.12 | 78.52 |
| police vehicle |  2.97 | 92.34 |
|  work vehicle  | 37.36 | 67.83 |
| police officer | 32.81 |  82.9 |
|     worker     | 23.35 | 57.01 |
|      cone      | 36.47 | 64.56 |
|  arrow board   |  3.78 |  5.53 |
|    ttc sign    |  1.22 |  1.24 |
+----------------+-------+-------+
2026/05/28 15:51:21 - mmengine - INFO - Iter(test) [2098/2098]    aAcc: 74.9000  mIoU: 30.7700  mAcc: 59.1600  data_time: 0.0047  time: 0.3400
